# gh run view 32418164738
# capturedAt: 2026-08-21T02:41:04.748Z

{
  "conclusion": "success",
  "createdAt": "2026-08-20T21:12:02Z",
  "databaseId": 32418164738,
  "headBranch": "main",
  "headSha": "daa8ffb679b7bee87a907d4913123318b697eab6",
  "jobs": [
    {
      "completedAt": "2026-08-20T21:13:13Z",
      "conclusion": "success",
      "databaseId": 96583997136,
      "name": "Migration validation",
      "startedAt": "2026-08-20T21:12:06Z",
      "status": "completed",
      "steps": [
        {
          "completedAt": "2026-08-20T21:12:08Z",
          "conclusion": "success",
          "name": "Set up job",
          "number": 1,
          "startedAt": "2026-08-20T21:12:07Z",
          "status": "completed"
        },
        {
          "completedAt": "2026-08-20T21:12:29Z",
          "conclusion": "success",
          "name": "Initialize containers",
          "number": 2,
          "startedAt": "2026-08-20T21:12:08Z",
          "status": "completed"
        },
        {
          "completedAt": "2026-08-20T21:12:30Z",
          "conclusion": "success",
          "name": "Run actions/checkout@fbc6f3992d24b796d5a048ff273f7fcc4a7b6c09",
          "number": 3,
          "startedAt": "2026-08-20T21:12:29Z",
          "status": "completed"
        },
        {
          "completedAt": "2026-08-20T21:12:40Z",
          "conclusion": "success",
          "name": "Run actions/setup-node@a0853c24544627f65ddf259abe73b1d18a591444",
          "number": 4,
          "startedAt": "2026-08-20T21:12:30Z",
          "status": "completed"
        },
        {
          "completedAt": "2026-08-20T21:12:40Z",
          "conclusion": "success",
          "name": "Verify runtime",
          "number": 5,
          "startedAt": "2026-08-20T21:12:40Z",
          "status": "completed"
        },
        {
          "completedAt": "2026-08-20T21:13:02Z",
          "conclusion": "success",
          "name": "Install dependencies",
          "number": 6,
          "startedAt": "2026-08-20T21:12:40Z",
          "status": "completed"
        },
        {
          "completedAt": "2026-08-20T21:13:03Z",
          "conclusion": "success",
          "name": "Fetch base branch for the migration preflight",
          "number": 7,
          "startedAt": "2026-08-20T21:13:02Z",
          "status": "completed"
        },
        {
          "completedAt": "2026-08-20T21:13:04Z",
          "conclusion": "success",
          "name": "Validate Prisma schema",
          "number": 8,
          "startedAt": "2026-08-20T21:13:03Z",
          "status": "completed"
        },
        {
          "completedAt": "2026-08-20T21:13:04Z",
          "conclusion": "success",
          "name": "Migration order preflight",
          "number": 9,
          "startedAt": "2026-08-20T21:13:04Z",
          "status": "completed"
        },
        {
          "completedAt": "2026-08-20T21:13:04Z",
          "conclusion": "success",
          "name": "Create shadow database",
          "number": 10,
          "startedAt": "2026-08-20T21:13:04Z",
          "status": "completed"
        },
        {
          "completedAt": "2026-08-20T21:13:06Z",
          "conclusion": "success",
          "name": "Replay migrations from empty and fail on schema drift",
          "number": 11,
          "startedAt": "2026-08-20T21:13:04Z",
          "status": "completed"
        },
        {
          "completedAt": "2026-08-20T21:13:08Z",
          "conclusion": "success",
          "name": "Verify PostgreSQL RLS tenant isolation",
          "number": 12,
          "startedAt": "2026-08-20T21:13:06Z",
          "status": "completed"
        },
        {
          "completedAt": "2026-08-20T21:13:08Z",
          "conclusion": "success",
          "name": "Post Run actions/setup-node@a0853c24544627f65ddf259abe73b1d18a591444",
          "number": 22,
          "startedAt": "2026-08-20T21:13:08Z",
          "status": "completed"
        },
        {
          "completedAt": "2026-08-20T21:13:09Z",
          "conclusion": "success",
          "name": "Post Run actions/checkout@fbc6f3992d24b796d5a048ff273f7fcc4a7b6c09",
          "number": 23,
          "startedAt": "2026-08-20T21:13:08Z",
          "status": "completed"
        },
        {
          "completedAt": "2026-08-20T21:13:09Z",
          "conclusion": "success",
          "name": "Stop containers",
          "number": 24,
          "startedAt": "2026-08-20T21:13:09Z",
          "status": "completed"
        },
        {
          "completedAt": "2026-08-20T21:13:09Z",
          "conclusion": "success",
          "name": "Complete job",
          "number": 25,
          "startedAt": "2026-08-20T21:13:09Z",
          "status": "completed"
        }
      ],
      "url": "https://github.com/sonnynguyen170321-ctrl/CRM-4-Telestar-Final/actions/runs/32418164738/job/96583997136"
    },
    {
      "completedAt": "2026-08-20T21:16:11Z",
      "conclusion": "success",
      "databaseId": 96583997369,
      "name": "Docker build",
      "startedAt": "2026-08-20T21:12:06Z",
      "status": "completed",
      "steps": [
        {
          "completedAt": "2026-08-20T21:12:09Z",
          "conclusion": "success",
          "name": "Set up job",
          "number": 1,
          "startedAt": "2026-08-20T21:12:07Z",
          "status": "completed"
        },
        {
          "completedAt": "2026-08-20T21:12:11Z",
          "conclusion": "success",
          "name": "Run actions/checkout@fbc6f3992d24b796d5a048ff273f7fcc4a7b6c09",
          "number": 2,
          "startedAt": "2026-08-20T21:12:09Z",
          "status": "completed"
        },
        {
          "completedAt": "2026-08-20T21:12:18Z",
          "conclusion": "success",
          "name": "Run docker/setup-buildx-action@8d2750c68a42422c14e847fe6c8ac0403b4cbd6f",
          "number": 3,
          "startedAt": "2026-08-20T21:12:11Z",
          "status": "completed"
        },
        {
          "completedAt": "2026-08-20T21:16:00Z",
          "conclusion": "success",
          "name": "Build image",
          "number": 4,
          "startedAt": "2026-08-20T21:12:18Z",
          "status": "completed"
        },
        {
          "completedAt": "2026-08-20T21:16:03Z",
          "conclusion": "success",
          "name": "Operational scripts must run in the production image",
          "number": 5,
          "startedAt": "2026-08-20T21:16:00Z",
          "status": "completed"
        },
        {
          "completedAt": "2026-08-20T21:16:03Z",
          "conclusion": "skipped",
          "name": "Summarize Docker build failure",
          "number": 6,
          "startedAt": "2026-08-20T21:16:03Z",
          "status": "completed"
        },
        {
          "completedAt": "2026-08-20T21:16:09Z",
          "conclusion": "success",
          "name": "Post Run docker/setup-buildx-action@8d2750c68a42422c14e847fe6c8ac0403b4cbd6f",
          "number": 11,
          "startedAt": "2026-08-20T21:16:03Z",
          "status": "completed"
        },
        {
          "completedAt": "2026-08-20T21:16:09Z",
          "conclusion": "success",
          "name": "Post Run actions/checkout@fbc6f3992d24b796d5a048ff273f7fcc4a7b6c09",
          "number": 12,
          "startedAt": "2026-08-20T21:16:09Z",
          "status": "completed"
        },
        {
          "completedAt": "2026-08-20T21:16:09Z",
          "conclusion": "success",
          "name": "Complete job",
          "number": 13,
          "startedAt": "2026-08-20T21:16:09Z",
          "status": "completed"
        }
      ],
      "url": "https://github.com/sonnynguyen170321-ctrl/CRM-4-Telestar-Final/actions/runs/32418164738/job/96583997369"
    },
    {
      "completedAt": "2026-08-20T21:12:19Z",
      "conclusion": "success",
      "databaseId": 96583997396,
      "name": "Secret scan",
      "startedAt": "2026-08-20T21:12:07Z",
      "status": "completed",
      "steps": [
        {
          "completedAt": "2026-08-20T21:12:08Z",
          "conclusion": "success",
          "name": "Set up job",
          "number": 1,
          "startedAt": "2026-08-20T21:12:08Z",
          "status": "completed"
        },
        {
          "completedAt": "2026-08-20T21:12:10Z",
          "conclusion": "success",
          "name": "Run actions/checkout@fbc6f3992d24b796d5a048ff273f7fcc4a7b6c09",
          "number": 2,
          "startedAt": "2026-08-20T21:12:08Z",
          "status": "completed"
        },
        {
          "completedAt": "2026-08-20T21:12:17Z",
          "conclusion": "success",
          "name": "gitleaks",
          "number": 3,
          "startedAt": "2026-08-20T21:12:10Z",
          "status": "completed"
        },
        {
          "completedAt": "2026-08-20T21:12:17Z",
          "conclusion": "skipped",
          "name": "Summarize gitleaks findings",
          "number": 4,
          "startedAt": "2026-08-20T21:12:17Z",
          "status": "completed"
        },
        {
          "completedAt": "2026-08-20T21:12:17Z",
          "conclusion": "skipped",
          "name": "Upload gitleaks report",
          "number": 5,
          "startedAt": "2026-08-20T21:12:17Z",
          "status": "completed"
        },
        {
          "completedAt": "2026-08-20T21:12:17Z",
          "conclusion": "success",
          "name": "Post Run actions/checkout@fbc6f3992d24b796d5a048ff273f7fcc4a7b6c09",
          "number": 10,
          "startedAt": "2026-08-20T21:12:17Z",
          "status": "completed"
        },
        {
          "completedAt": "2026-08-20T21:12:17Z",
          "conclusion": "success",
          "name": "Complete job",
          "number": 11,
          "startedAt": "2026-08-20T21:12:17Z",
          "status": "completed"
        }
      ],
      "url": "https://github.com/sonnynguyen170321-ctrl/CRM-4-Telestar-Final/actions/runs/32418164738/job/96583997396"
    },
    {
      "completedAt": "2026-08-20T21:12:18Z",
      "conclusion": "success",
      "databaseId": 96583997437,
      "name": "Dependency audit",
      "startedAt": "2026-08-20T21:12:06Z",
      "status": "completed",
      "steps": [
        {
          "completedAt": "2026-08-20T21:12:08Z",
          "conclusion": "success",
          "name": "Set up job",
          "number": 1,
          "startedAt": "2026-08-20T21:12:07Z",
          "status": "completed"
        },
        {
          "completedAt": "2026-08-20T21:12:10Z",
          "conclusion": "success",
          "name": "Run actions/checkout@fbc6f3992d24b796d5a048ff273f7fcc4a7b6c09",
          "number": 2,
          "startedAt": "2026-08-20T21:12:08Z",
          "status": "completed"
        },
        {
          "completedAt": "2026-08-20T21:12:14Z",
          "conclusion": "success",
          "name": "Run actions/setup-node@49933ea5288caeca8642d1e84afbd3f7d6820020",
          "number": 3,
          "startedAt": "2026-08-20T21:12:10Z",
          "status": "completed"
        },
        {
          "completedAt": "2026-08-20T21:12:16Z",
          "conclusion": "success",
          "name": "npm audit (high and above)",
          "number": 4,
          "startedAt": "2026-08-20T21:12:14Z",
          "status": "completed"
        },
        {
          "completedAt": "2026-08-20T21:12:16Z",
          "conclusion": "success",
          "name": "Post Run actions/setup-node@49933ea5288caeca8642d1e84afbd3f7d6820020",
          "number": 7,
          "startedAt": "2026-08-20T21:12:16Z",
          "status": "completed"
        },
        {
          "completedAt": "2026-08-20T21:12:16Z",
          "conclusion": "success",
          "name": "Post Run actions/checkout@fbc6f3992d24b796d5a048ff273f7fcc4a7b6c09",
          "number": 8,
          "startedAt": "2026-08-20T21:12:16Z",
          "status": "completed"
        },
        {
          "completedAt": "2026-08-20T21:12:16Z",
          "conclusion": "success",
          "name": "Complete job",
          "number": 9,
          "startedAt": "2026-08-20T21:12:16Z",
          "status": "completed"
        }
      ],
      "url": "https://github.com/sonnynguyen170321-ctrl/CRM-4-Telestar-Final/actions/runs/32418164738/job/96583997437"
    },
    {
      "completedAt": "2026-08-20T21:17:28Z",
      "conclusion": "success",
      "databaseId": 96583997447,
      "name": "Build · Playwright",
      "startedAt": "2026-08-20T21:12:06Z",
      "status": "completed",
      "steps": [
        {
          "completedAt": "2026-08-20T21:12:08Z",
          "conclusion": "success",
          "name": "Set up job",
          "number": 1,
          "startedAt": "2026-08-20T21:12:07Z",
          "status": "completed"
        },
        {
          "completedAt": "2026-08-20T21:12:45Z",
          "conclusion": "success",
          "name": "Initialize containers",
          "number": 2,
          "startedAt": "2026-08-20T21:12:08Z",
          "status": "completed"
        },
        {
          "completedAt": "2026-08-20T21:12:48Z",
          "conclusion": "success",
          "name": "Run actions/checkout@fbc6f3992d24b796d5a048ff273f7fcc4a7b6c09",
          "number": 3,
          "startedAt": "2026-08-20T21:12:45Z",
          "status": "completed"
        },
        {
          "completedAt": "2026-08-20T21:12:54Z",
          "conclusion": "success",
          "name": "Run actions/setup-node@a0853c24544627f65ddf259abe73b1d18a591444",
          "number": 4,
          "startedAt": "2026-08-20T21:12:48Z",
          "status": "completed"
        },
        {
          "completedAt": "2026-08-20T21:12:54Z",
          "conclusion": "success",
          "name": "Verify runtime",
          "number": 5,
          "startedAt": "2026-08-20T21:12:54Z",
          "status": "completed"
        },
        {
          "completedAt": "2026-08-20T21:13:10Z",
          "conclusion": "success",
          "name": "Install dependencies",
          "number": 6,
          "startedAt": "2026-08-20T21:12:54Z",
          "status": "completed"
        },
        {
          "completedAt": "2026-08-20T21:13:12Z",
          "conclusion": "success",
          "name": "Generate Prisma client",
          "number": 7,
          "startedAt": "2026-08-20T21:13:10Z",
          "status": "completed"
        },
        {
          "completedAt": "2026-08-20T21:13:17Z",
          "conclusion": "success",
          "name": "Apply database migrations",
          "number": 8,
          "startedAt": "2026-08-20T21:13:12Z",
          "status": "completed"
        },
        {
          "completedAt": "2026-08-20T21:13:17Z",
          "conclusion": "success",
          "name": "Mint a per-run demo password",
          "number": 9,
          "startedAt": "2026-08-20T21:13:17Z",
          "status": "completed"
        },
        {
          "completedAt": "2026-08-20T21:13:19Z",
          "conclusion": "success",
          "name": "Run demo seed",
          "number": 10,
          "startedAt": "2026-08-20T21:13:17Z",
          "status": "completed"
        },
        {
          "completedAt": "2026-08-20T21:13:20Z",
          "conclusion": "success",
          "name": "Build the audit fixture (setup + audit projects)",
          "number": 11,
          "startedAt": "2026-08-20T21:13:19Z",
          "status": "completed"
        },
        {
          "completedAt": "2026-08-20T21:13:21Z",
          "conclusion": "success",
          "name": "Seed the demo tenant (demo project)",
          "number": 12,
          "startedAt": "2026-08-20T21:13:20Z",
          "status": "completed"
        },
        {
          "completedAt": "2026-08-20T21:14:11Z",
          "conclusion": "success",
          "name": "Production build",
          "number": 13,
          "startedAt": "2026-08-20T21:13:21Z",
          "status": "completed"
        },
        {
          "completedAt": "2026-08-20T21:14:40Z",
          "conclusion": "success",
          "name": "Install Playwright browsers",
          "number": 14,
          "startedAt": "2026-08-20T21:14:11Z",
          "status": "completed"
        },
        {
          "completedAt": "2026-08-20T21:14:42Z",
          "conclusion": "success",
          "name": "Start the production server",
          "number": 15,
          "startedAt": "2026-08-20T21:14:40Z",
          "status": "completed"
        },
        {
          "completedAt": "2026-08-20T21:14:45Z",
          "conclusion": "success",
          "name": "Start the background worker (BullMQ)",
          "number": 16,
          "startedAt": "2026-08-20T21:14:42Z",
          "status": "completed"
        },
        {
          "completedAt": "2026-08-20T21:14:46Z",
          "conclusion": "success",
          "name": "Verify import worker consumer readiness",
          "number": 17,
          "startedAt": "2026-08-20T21:14:45Z",
          "status": "completed"
        },
        {
          "completedAt": "2026-08-20T21:17:25Z",
          "conclusion": "success",
          "name": "Playwright",
          "number": 18,
          "startedAt": "2026-08-20T21:14:46Z",
          "status": "completed"
        },
        {
          "completedAt": "2026-08-20T21:17:25Z",
          "conclusion": "skipped",
          "name": "Import chain diagnostic",
          "number": 19,
          "startedAt": "2026-08-20T21:17:25Z",
          "status": "completed"
        },
        {
          "completedAt": "2026-08-20T21:17:25Z",
          "conclusion": "skipped",
          "name": "Summarize failure",
          "number": 20,
          "startedAt": "2026-08-20T21:17:25Z",
          "status": "completed"
        },
        {
          "completedAt": "2026-08-20T21:17:25Z",
          "conclusion": "skipped",
          "name": "Upload Playwright artifacts",
          "number": 21,
          "startedAt": "2026-08-20T21:17:25Z",
          "status": "completed"
        },
        {
          "completedAt": "2026-08-20T21:17:25Z",
          "conclusion": "success",
          "name": "Post Run actions/setup-node@a0853c24544627f65ddf259abe73b1d18a591444",
          "number": 40,
          "startedAt": "2026-08-20T21:17:25Z",
          "status": "completed"
        },
        {
          "completedAt": "2026-08-20T21:17:25Z",
          "conclusion": "success",
          "name": "Post Run actions/checkout@fbc6f3992d24b796d5a048ff273f7fcc4a7b6c09",
          "number": 41,
          "startedAt": "2026-08-20T21:17:25Z",
          "status": "completed"
        },
        {
          "completedAt": "2026-08-20T21:17:26Z",
          "conclusion": "success",
          "name": "Stop containers",
          "number": 42,
          "startedAt": "2026-08-20T21:17:25Z",
          "status": "completed"
        },
        {
          "completedAt": "2026-08-20T21:17:26Z",
          "conclusion": "success",
          "name": "Complete job",
          "number": 43,
          "startedAt": "2026-08-20T21:17:26Z",
          "status": "completed"
        }
      ],
      "url": "https://github.com/sonnynguyen170321-ctrl/CRM-4-Telestar-Final/actions/runs/32418164738/job/96583997447"
    },
    {
      "completedAt": "2026-08-20T21:15:34Z",
      "conclusion": "success",
      "databaseId": 96583997452,
      "name": "Lint · types · tests",
      "startedAt": "2026-08-20T21:12:06Z",
      "status": "completed",
      "steps": [
        {
          "completedAt": "2026-08-20T21:12:08Z",
          "conclusion": "success",
          "name": "Set up job",
          "number": 1,
          "startedAt": "2026-08-20T21:12:07Z",
          "status": "completed"
        },
        {
          "completedAt": "2026-08-20T21:12:43Z",
          "conclusion": "success",
          "name": "Initialize containers",
          "number": 2,
          "startedAt": "2026-08-20T21:12:08Z",
          "status": "completed"
        },
        {
          "completedAt": "2026-08-20T21:12:45Z",
          "conclusion": "success",
          "name": "Run actions/checkout@fbc6f3992d24b796d5a048ff273f7fcc4a7b6c09",
          "number": 3,
          "startedAt": "2026-08-20T21:12:43Z",
          "status": "completed"
        },
        {
          "completedAt": "2026-08-20T21:12:50Z",
          "conclusion": "success",
          "name": "Run actions/setup-node@a0853c24544627f65ddf259abe73b1d18a591444",
          "number": 4,
          "startedAt": "2026-08-20T21:12:45Z",
          "status": "completed"
        },
        {
          "completedAt": "2026-08-20T21:12:50Z",
          "conclusion": "success",
          "name": "Verify runtime",
          "number": 5,
          "startedAt": "2026-08-20T21:12:50Z",
          "status": "completed"
        },
        {
          "completedAt": "2026-08-20T21:13:08Z",
          "conclusion": "success",
          "name": "Install dependencies",
          "number": 6,
          "startedAt": "2026-08-20T21:12:50Z",
          "status": "completed"
        },
        {
          "completedAt": "2026-08-20T21:13:10Z",
          "conclusion": "success",
          "name": "Generate Prisma client",
          "number": 7,
          "startedAt": "2026-08-20T21:13:08Z",
          "status": "completed"
        },
        {
          "completedAt": "2026-08-20T21:13:17Z",
          "conclusion": "success",
          "name": "Apply database migrations",
          "number": 8,
          "startedAt": "2026-08-20T21:13:10Z",
          "status": "completed"
        },
        {
          "completedAt": "2026-08-20T21:13:38Z",
          "conclusion": "success",
          "name": "Lint",
          "number": 9,
          "startedAt": "2026-08-20T21:13:17Z",
          "status": "completed"
        },
        {
          "completedAt": "2026-08-20T21:14:04Z",
          "conclusion": "success",
          "name": "Type check",
          "number": 10,
          "startedAt": "2026-08-20T21:13:38Z",
          "status": "completed"
        },
        {
          "completedAt": "2026-08-20T21:14:09Z",
          "conclusion": "success",
          "name": "Production topology validation",
          "number": 11,
          "startedAt": "2026-08-20T21:14:04Z",
          "status": "completed"
        },
        {
          "completedAt": "2026-08-20T21:14:09Z",
          "conclusion": "success",
          "name": "No retired AI model in runtime code",
          "number": 12,
          "startedAt": "2026-08-20T21:14:09Z",
          "status": "completed"
        },
        {
          "completedAt": "2026-08-20T21:14:09Z",
          "conclusion": "success",
          "name": "Seed delete order covers every restricting child",
          "number": 13,
          "startedAt": "2026-08-20T21:14:09Z",
          "status": "completed"
        },
        {
          "completedAt": "2026-08-20T21:14:10Z",
          "conclusion": "success",
          "name": "Project truth (agent control plane)",
          "number": 14,
          "startedAt": "2026-08-20T21:14:09Z",
          "status": "completed"
        },
        {
          "completedAt": "2026-08-20T21:14:10Z",
          "conclusion": "success",
          "name": "Test discipline",
          "number": 15,
          "startedAt": "2026-08-20T21:14:10Z",
          "status": "completed"
        },
        {
          "completedAt": "2026-08-20T21:15:31Z",
          "conclusion": "success",
          "name": "Tests",
          "number": 16,
          "startedAt": "2026-08-20T21:14:10Z",
          "status": "completed"
        },
        {
          "completedAt": "2026-08-20T21:15:31Z",
          "conclusion": "success",
          "name": "No test was skipped",
          "number": 17,
          "startedAt": "2026-08-20T21:15:31Z",
          "status": "completed"
        },
        {
          "completedAt": "2026-08-20T21:15:31Z",
          "conclusion": "skipped",
          "name": "Summarize failure",
          "number": 18,
          "startedAt": "2026-08-20T21:15:31Z",
          "status": "completed"
        },
        {
          "completedAt": "2026-08-20T21:15:32Z",
          "conclusion": "success",
          "name": "Post Run actions/setup-node@a0853c24544627f65ddf259abe73b1d18a591444",
          "number": 34,
          "startedAt": "2026-08-20T21:15:31Z",
          "status": "completed"
        },
        {
          "completedAt": "2026-08-20T21:15:32Z",
          "conclusion": "success",
          "name": "Post Run actions/checkout@fbc6f3992d24b796d5a048ff273f7fcc4a7b6c09",
          "number": 35,
          "startedAt": "2026-08-20T21:15:32Z",
          "status": "completed"
        },
        {
          "completedAt": "2026-08-20T21:15:32Z",
          "conclusion": "success",
          "name": "Stop containers",
          "number": 36,
          "startedAt": "2026-08-20T21:15:32Z",
          "status": "completed"
        },
        {
          "completedAt": "2026-08-20T21:15:32Z",
          "conclusion": "success",
          "name": "Complete job",
          "number": 37,
          "startedAt": "2026-08-20T21:15:32Z",
          "status": "completed"
        }
      ],
      "url": "https://github.com/sonnynguyen170321-ctrl/CRM-4-Telestar-Final/actions/runs/32418164738/job/96583997452"
    },
    {
      "completedAt": "2026-08-20T21:14:36Z",
      "conclusion": "success",
      "databaseId": 96583997487,
      "name": "CodeQL",
      "startedAt": "2026-08-20T21:12:07Z",
      "status": "completed",
      "steps": [
        {
          "completedAt": "2026-08-20T21:12:09Z",
          "conclusion": "success",
          "name": "Set up job",
          "number": 1,
          "startedAt": "2026-08-20T21:12:07Z",
          "status": "completed"
        },
        {
          "completedAt": "2026-08-20T21:12:11Z",
          "conclusion": "success",
          "name": "Run actions/checkout@fbc6f3992d24b796d5a048ff273f7fcc4a7b6c09",
          "number": 2,
          "startedAt": "2026-08-20T21:12:09Z",
          "status": "completed"
        },
        {
          "completedAt": "2026-08-20T21:12:12Z",
          "conclusion": "success",
          "name": "Can this repository accept code scanning results?",
          "number": 3,
          "startedAt": "2026-08-20T21:12:11Z",
          "status": "completed"
        },
        {
          "completedAt": "2026-08-20T21:12:28Z",
          "conclusion": "success",
          "name": "Run github/codeql-action/init@c4dd10e44af883a891fe31ced449bcb4a6728b9b",
          "number": 4,
          "startedAt": "2026-08-20T21:12:12Z",
          "status": "completed"
        },
        {
          "completedAt": "2026-08-20T21:14:33Z",
          "conclusion": "success",
          "name": "Run github/codeql-action/analyze@c4dd10e44af883a891fe31ced449bcb4a6728b9b",
          "number": 5,
          "startedAt": "2026-08-20T21:12:28Z",
          "status": "completed"
        },
        {
          "completedAt": "2026-08-20T21:14:33Z",
          "conclusion": "skipped",
          "name": "Record CodeQL as BLOCKED_EXTERNAL",
          "number": 6,
          "startedAt": "2026-08-20T21:14:33Z",
          "status": "completed"
        },
        {
          "completedAt": "2026-08-20T21:14:33Z",
          "conclusion": "success",
          "name": "Post Run github/codeql-action/analyze@c4dd10e44af883a891fe31ced449bcb4a6728b9b",
          "number": 10,
          "startedAt": "2026-08-20T21:14:33Z",
          "status": "completed"
        },
        {
          "completedAt": "2026-08-20T21:14:34Z",
          "conclusion": "success",
          "name": "Post Run github/codeql-action/init@c4dd10e44af883a891fe31ced449bcb4a6728b9b",
          "number": 11,
          "startedAt": "2026-08-20T21:14:33Z",
          "status": "completed"
        },
        {
          "completedAt": "2026-08-20T21:14:34Z",
          "conclusion": "success",
          "name": "Post Run actions/checkout@fbc6f3992d24b796d5a048ff273f7fcc4a7b6c09",
          "number": 12,
          "startedAt": "2026-08-20T21:14:34Z",
          "status": "completed"
        },
        {
          "completedAt": "2026-08-20T21:14:34Z",
          "conclusion": "success",
          "name": "Complete job",
          "number": 13,
          "startedAt": "2026-08-20T21:14:34Z",
          "status": "completed"
        }
      ],
      "url": "https://github.com/sonnynguyen170321-ctrl/CRM-4-Telestar-Final/actions/runs/32418164738/job/96583997487"
    },
    {
      "completedAt": "2026-08-20T21:12:03Z",
      "conclusion": "skipped",
      "databaseId": 96583998415,
      "name": "Dependency review",
      "startedAt": "2026-08-20T21:12:03Z",
      "status": "completed",
      "steps": [],
      "url": "https://github.com/sonnynguyen170321-ctrl/CRM-4-Telestar-Final/actions/runs/32418164738/job/96583998415"
    },
    {
      "completedAt": "2026-08-20T21:17:33Z",
      "conclusion": "success",
      "databaseId": 96585490032,
      "name": "CI required checks",
      "startedAt": "2026-08-20T21:17:31Z",
      "status": "completed",
      "steps": [
        {
          "completedAt": "2026-08-20T21:17:32Z",
          "conclusion": "success",
          "name": "Set up job",
          "number": 1,
          "startedAt": "2026-08-20T21:17:31Z",
          "status": "completed"
        },
        {
          "completedAt": "2026-08-20T21:17:32Z",
          "conclusion": "success",
          "name": "Fail unless every required job produced an acceptable result",
          "number": 2,
          "startedAt": "2026-08-20T21:17:32Z",
          "status": "completed"
        },
        {
          "completedAt": "2026-08-20T21:17:32Z",
          "conclusion": "success",
          "name": "Complete job",
          "number": 3,
          "startedAt": "2026-08-20T21:17:32Z",
          "status": "completed"
        }
      ],
      "url": "https://github.com/sonnynguyen170321-ctrl/CRM-4-Telestar-Final/actions/runs/32418164738/job/96585490032"
    }
  ],
  "status": "completed",
  "updatedAt": "2026-08-20T21:17:34Z",
  "url": "https://github.com/sonnynguyen170321-ctrl/CRM-4-Telestar-Final/actions/runs/32418164738",
  "workflowName": "CI"
}
