# gh run view 32639980424
# capturedAt: 2026-08-23T13:14:48.576Z

{
  "conclusion": "success",
  "createdAt": "2026-08-23T12:38:42Z",
  "databaseId": 32639980424,
  "headBranch": "main",
  "headSha": "fa3a54be4276d79ea7d24d63aab4e89ae3ff0bbb",
  "jobs": [
    {
      "completedAt": "2026-08-23T12:38:59Z",
      "conclusion": "success",
      "databaseId": 97195471446,
      "name": "Dependency audit",
      "startedAt": "2026-08-23T12:38:46Z",
      "status": "completed",
      "steps": [
        {
          "completedAt": "2026-08-23T12:38:48Z",
          "conclusion": "success",
          "name": "Set up job",
          "number": 1,
          "startedAt": "2026-08-23T12:38:47Z",
          "status": "completed"
        },
        {
          "completedAt": "2026-08-23T12:38:49Z",
          "conclusion": "success",
          "name": "Run actions/checkout@fbc6f3992d24b796d5a048ff273f7fcc4a7b6c09",
          "number": 2,
          "startedAt": "2026-08-23T12:38:48Z",
          "status": "completed"
        },
        {
          "completedAt": "2026-08-23T12:38:54Z",
          "conclusion": "success",
          "name": "Run actions/setup-node@49933ea5288caeca8642d1e84afbd3f7d6820020",
          "number": 3,
          "startedAt": "2026-08-23T12:38:49Z",
          "status": "completed"
        },
        {
          "completedAt": "2026-08-23T12:38:56Z",
          "conclusion": "success",
          "name": "npm audit (high and above)",
          "number": 4,
          "startedAt": "2026-08-23T12:38:54Z",
          "status": "completed"
        },
        {
          "completedAt": "2026-08-23T12:38:56Z",
          "conclusion": "success",
          "name": "Post Run actions/setup-node@49933ea5288caeca8642d1e84afbd3f7d6820020",
          "number": 7,
          "startedAt": "2026-08-23T12:38:56Z",
          "status": "completed"
        },
        {
          "completedAt": "2026-08-23T12:38:56Z",
          "conclusion": "success",
          "name": "Post Run actions/checkout@fbc6f3992d24b796d5a048ff273f7fcc4a7b6c09",
          "number": 8,
          "startedAt": "2026-08-23T12:38:56Z",
          "status": "completed"
        },
        {
          "completedAt": "2026-08-23T12:38:56Z",
          "conclusion": "success",
          "name": "Complete job",
          "number": 9,
          "startedAt": "2026-08-23T12:38:56Z",
          "status": "completed"
        }
      ],
      "url": "https://github.com/sonnynguyen170321-ctrl/CRM-4-Telestar-Final/actions/runs/32639980424/job/97195471446"
    },
    {
      "completedAt": "2026-08-23T12:44:46Z",
      "conclusion": "success",
      "databaseId": 97195471564,
      "name": "Build · Playwright",
      "startedAt": "2026-08-23T12:38:45Z",
      "status": "completed",
      "steps": [
        {
          "completedAt": "2026-08-23T12:38:47Z",
          "conclusion": "success",
          "name": "Set up job",
          "number": 1,
          "startedAt": "2026-08-23T12:38:46Z",
          "status": "completed"
        },
        {
          "completedAt": "2026-08-23T12:39:10Z",
          "conclusion": "success",
          "name": "Initialize containers",
          "number": 2,
          "startedAt": "2026-08-23T12:38:47Z",
          "status": "completed"
        },
        {
          "completedAt": "2026-08-23T12:39:11Z",
          "conclusion": "success",
          "name": "Run actions/checkout@fbc6f3992d24b796d5a048ff273f7fcc4a7b6c09",
          "number": 3,
          "startedAt": "2026-08-23T12:39:10Z",
          "status": "completed"
        },
        {
          "completedAt": "2026-08-23T12:39:16Z",
          "conclusion": "success",
          "name": "Run actions/setup-node@a0853c24544627f65ddf259abe73b1d18a591444",
          "number": 4,
          "startedAt": "2026-08-23T12:39:11Z",
          "status": "completed"
        },
        {
          "completedAt": "2026-08-23T12:39:16Z",
          "conclusion": "success",
          "name": "Verify runtime",
          "number": 5,
          "startedAt": "2026-08-23T12:39:16Z",
          "status": "completed"
        },
        {
          "completedAt": "2026-08-23T12:39:35Z",
          "conclusion": "success",
          "name": "Install dependencies",
          "number": 6,
          "startedAt": "2026-08-23T12:39:16Z",
          "status": "completed"
        },
        {
          "completedAt": "2026-08-23T12:39:38Z",
          "conclusion": "success",
          "name": "Generate Prisma client",
          "number": 7,
          "startedAt": "2026-08-23T12:39:35Z",
          "status": "completed"
        },
        {
          "completedAt": "2026-08-23T12:39:40Z",
          "conclusion": "success",
          "name": "Apply database migrations",
          "number": 8,
          "startedAt": "2026-08-23T12:39:38Z",
          "status": "completed"
        },
        {
          "completedAt": "2026-08-23T12:39:40Z",
          "conclusion": "success",
          "name": "Mint a per-run demo password",
          "number": 9,
          "startedAt": "2026-08-23T12:39:40Z",
          "status": "completed"
        },
        {
          "completedAt": "2026-08-23T12:39:42Z",
          "conclusion": "success",
          "name": "Run demo seed",
          "number": 10,
          "startedAt": "2026-08-23T12:39:40Z",
          "status": "completed"
        },
        {
          "completedAt": "2026-08-23T12:39:43Z",
          "conclusion": "success",
          "name": "Build the audit fixture (setup + audit projects)",
          "number": 11,
          "startedAt": "2026-08-23T12:39:42Z",
          "status": "completed"
        },
        {
          "completedAt": "2026-08-23T12:39:44Z",
          "conclusion": "success",
          "name": "Seed the demo tenant (demo project)",
          "number": 12,
          "startedAt": "2026-08-23T12:39:43Z",
          "status": "completed"
        },
        {
          "completedAt": "2026-08-23T12:40:52Z",
          "conclusion": "success",
          "name": "Production build",
          "number": 13,
          "startedAt": "2026-08-23T12:39:44Z",
          "status": "completed"
        },
        {
          "completedAt": "2026-08-23T12:41:13Z",
          "conclusion": "success",
          "name": "Install Playwright browsers",
          "number": 14,
          "startedAt": "2026-08-23T12:40:52Z",
          "status": "completed"
        },
        {
          "completedAt": "2026-08-23T12:41:15Z",
          "conclusion": "success",
          "name": "Start the production server",
          "number": 15,
          "startedAt": "2026-08-23T12:41:13Z",
          "status": "completed"
        },
        {
          "completedAt": "2026-08-23T12:41:19Z",
          "conclusion": "success",
          "name": "Start the background worker (BullMQ)",
          "number": 16,
          "startedAt": "2026-08-23T12:41:15Z",
          "status": "completed"
        },
        {
          "completedAt": "2026-08-23T12:41:20Z",
          "conclusion": "success",
          "name": "Verify import worker consumer readiness",
          "number": 17,
          "startedAt": "2026-08-23T12:41:19Z",
          "status": "completed"
        },
        {
          "completedAt": "2026-08-23T12:44:43Z",
          "conclusion": "success",
          "name": "Playwright",
          "number": 18,
          "startedAt": "2026-08-23T12:41:20Z",
          "status": "completed"
        },
        {
          "completedAt": "2026-08-23T12:44:43Z",
          "conclusion": "skipped",
          "name": "Import chain diagnostic",
          "number": 19,
          "startedAt": "2026-08-23T12:44:43Z",
          "status": "completed"
        },
        {
          "completedAt": "2026-08-23T12:44:43Z",
          "conclusion": "skipped",
          "name": "Summarize failure",
          "number": 20,
          "startedAt": "2026-08-23T12:44:43Z",
          "status": "completed"
        },
        {
          "completedAt": "2026-08-23T12:44:43Z",
          "conclusion": "skipped",
          "name": "Upload Playwright artifacts",
          "number": 21,
          "startedAt": "2026-08-23T12:44:43Z",
          "status": "completed"
        },
        {
          "completedAt": "2026-08-23T12:44:44Z",
          "conclusion": "success",
          "name": "Post Run actions/setup-node@a0853c24544627f65ddf259abe73b1d18a591444",
          "number": 40,
          "startedAt": "2026-08-23T12:44:43Z",
          "status": "completed"
        },
        {
          "completedAt": "2026-08-23T12:44:44Z",
          "conclusion": "success",
          "name": "Post Run actions/checkout@fbc6f3992d24b796d5a048ff273f7fcc4a7b6c09",
          "number": 41,
          "startedAt": "2026-08-23T12:44:44Z",
          "status": "completed"
        },
        {
          "completedAt": "2026-08-23T12:44:44Z",
          "conclusion": "success",
          "name": "Stop containers",
          "number": 42,
          "startedAt": "2026-08-23T12:44:44Z",
          "status": "completed"
        },
        {
          "completedAt": "2026-08-23T12:44:44Z",
          "conclusion": "success",
          "name": "Complete job",
          "number": 43,
          "startedAt": "2026-08-23T12:44:44Z",
          "status": "completed"
        }
      ],
      "url": "https://github.com/sonnynguyen170321-ctrl/CRM-4-Telestar-Final/actions/runs/32639980424/job/97195471564"
    },
    {
      "completedAt": "2026-08-23T12:41:57Z",
      "conclusion": "success",
      "databaseId": 97195471594,
      "name": "Docker build",
      "startedAt": "2026-08-23T12:38:46Z",
      "status": "completed",
      "steps": [
        {
          "completedAt": "2026-08-23T12:38:48Z",
          "conclusion": "success",
          "name": "Set up job",
          "number": 1,
          "startedAt": "2026-08-23T12:38:47Z",
          "status": "completed"
        },
        {
          "completedAt": "2026-08-23T12:38:50Z",
          "conclusion": "success",
          "name": "Run actions/checkout@fbc6f3992d24b796d5a048ff273f7fcc4a7b6c09",
          "number": 2,
          "startedAt": "2026-08-23T12:38:48Z",
          "status": "completed"
        },
        {
          "completedAt": "2026-08-23T12:38:57Z",
          "conclusion": "success",
          "name": "Run docker/setup-buildx-action@8d2750c68a42422c14e847fe6c8ac0403b4cbd6f",
          "number": 3,
          "startedAt": "2026-08-23T12:38:50Z",
          "status": "completed"
        },
        {
          "completedAt": "2026-08-23T12:41:46Z",
          "conclusion": "success",
          "name": "Build image",
          "number": 4,
          "startedAt": "2026-08-23T12:38:57Z",
          "status": "completed"
        },
        {
          "completedAt": "2026-08-23T12:41:49Z",
          "conclusion": "success",
          "name": "Operational scripts must run in the production image",
          "number": 5,
          "startedAt": "2026-08-23T12:41:46Z",
          "status": "completed"
        },
        {
          "completedAt": "2026-08-23T12:41:49Z",
          "conclusion": "skipped",
          "name": "Summarize Docker build failure",
          "number": 6,
          "startedAt": "2026-08-23T12:41:49Z",
          "status": "completed"
        },
        {
          "completedAt": "2026-08-23T12:41:54Z",
          "conclusion": "success",
          "name": "Post Run docker/setup-buildx-action@8d2750c68a42422c14e847fe6c8ac0403b4cbd6f",
          "number": 11,
          "startedAt": "2026-08-23T12:41:49Z",
          "status": "completed"
        },
        {
          "completedAt": "2026-08-23T12:41:54Z",
          "conclusion": "success",
          "name": "Post Run actions/checkout@fbc6f3992d24b796d5a048ff273f7fcc4a7b6c09",
          "number": 12,
          "startedAt": "2026-08-23T12:41:54Z",
          "status": "completed"
        },
        {
          "completedAt": "2026-08-23T12:41:54Z",
          "conclusion": "success",
          "name": "Complete job",
          "number": 13,
          "startedAt": "2026-08-23T12:41:54Z",
          "status": "completed"
        }
      ],
      "url": "https://github.com/sonnynguyen170321-ctrl/CRM-4-Telestar-Final/actions/runs/32639980424/job/97195471594"
    },
    {
      "completedAt": "2026-08-23T12:41:59Z",
      "conclusion": "success",
      "databaseId": 97195471597,
      "name": "Lint · types · tests",
      "startedAt": "2026-08-23T12:38:46Z",
      "status": "completed",
      "steps": [
        {
          "completedAt": "2026-08-23T12:38:47Z",
          "conclusion": "success",
          "name": "Set up job",
          "number": 1,
          "startedAt": "2026-08-23T12:38:46Z",
          "status": "completed"
        },
        {
          "completedAt": "2026-08-23T12:39:10Z",
          "conclusion": "success",
          "name": "Initialize containers",
          "number": 2,
          "startedAt": "2026-08-23T12:38:47Z",
          "status": "completed"
        },
        {
          "completedAt": "2026-08-23T12:39:12Z",
          "conclusion": "success",
          "name": "Run actions/checkout@fbc6f3992d24b796d5a048ff273f7fcc4a7b6c09",
          "number": 3,
          "startedAt": "2026-08-23T12:39:10Z",
          "status": "completed"
        },
        {
          "completedAt": "2026-08-23T12:39:17Z",
          "conclusion": "success",
          "name": "Run actions/setup-node@a0853c24544627f65ddf259abe73b1d18a591444",
          "number": 4,
          "startedAt": "2026-08-23T12:39:12Z",
          "status": "completed"
        },
        {
          "completedAt": "2026-08-23T12:39:17Z",
          "conclusion": "success",
          "name": "Verify runtime",
          "number": 5,
          "startedAt": "2026-08-23T12:39:17Z",
          "status": "completed"
        },
        {
          "completedAt": "2026-08-23T12:39:37Z",
          "conclusion": "success",
          "name": "Install dependencies",
          "number": 6,
          "startedAt": "2026-08-23T12:39:17Z",
          "status": "completed"
        },
        {
          "completedAt": "2026-08-23T12:39:40Z",
          "conclusion": "success",
          "name": "Generate Prisma client",
          "number": 7,
          "startedAt": "2026-08-23T12:39:37Z",
          "status": "completed"
        },
        {
          "completedAt": "2026-08-23T12:39:42Z",
          "conclusion": "success",
          "name": "Apply database migrations",
          "number": 8,
          "startedAt": "2026-08-23T12:39:40Z",
          "status": "completed"
        },
        {
          "completedAt": "2026-08-23T12:40:09Z",
          "conclusion": "success",
          "name": "Lint",
          "number": 9,
          "startedAt": "2026-08-23T12:39:42Z",
          "status": "completed"
        },
        {
          "completedAt": "2026-08-23T12:40:40Z",
          "conclusion": "success",
          "name": "Type check",
          "number": 10,
          "startedAt": "2026-08-23T12:40:09Z",
          "status": "completed"
        },
        {
          "completedAt": "2026-08-23T12:40:42Z",
          "conclusion": "success",
          "name": "Production topology validation",
          "number": 11,
          "startedAt": "2026-08-23T12:40:40Z",
          "status": "completed"
        },
        {
          "completedAt": "2026-08-23T12:40:43Z",
          "conclusion": "success",
          "name": "No retired AI model in runtime code",
          "number": 12,
          "startedAt": "2026-08-23T12:40:42Z",
          "status": "completed"
        },
        {
          "completedAt": "2026-08-23T12:40:43Z",
          "conclusion": "success",
          "name": "Seed delete order covers every restricting child",
          "number": 13,
          "startedAt": "2026-08-23T12:40:43Z",
          "status": "completed"
        },
        {
          "completedAt": "2026-08-23T12:40:43Z",
          "conclusion": "success",
          "name": "Project truth (agent control plane)",
          "number": 14,
          "startedAt": "2026-08-23T12:40:43Z",
          "status": "completed"
        },
        {
          "completedAt": "2026-08-23T12:40:43Z",
          "conclusion": "success",
          "name": "Test discipline",
          "number": 15,
          "startedAt": "2026-08-23T12:40:43Z",
          "status": "completed"
        },
        {
          "completedAt": "2026-08-23T12:41:56Z",
          "conclusion": "success",
          "name": "Tests",
          "number": 16,
          "startedAt": "2026-08-23T12:40:43Z",
          "status": "completed"
        },
        {
          "completedAt": "2026-08-23T12:41:56Z",
          "conclusion": "success",
          "name": "No test was skipped",
          "number": 17,
          "startedAt": "2026-08-23T12:41:56Z",
          "status": "completed"
        },
        {
          "completedAt": "2026-08-23T12:41:56Z",
          "conclusion": "skipped",
          "name": "Summarize failure",
          "number": 18,
          "startedAt": "2026-08-23T12:41:56Z",
          "status": "completed"
        },
        {
          "completedAt": "2026-08-23T12:41:56Z",
          "conclusion": "success",
          "name": "Post Run actions/setup-node@a0853c24544627f65ddf259abe73b1d18a591444",
          "number": 34,
          "startedAt": "2026-08-23T12:41:56Z",
          "status": "completed"
        },
        {
          "completedAt": "2026-08-23T12:41:56Z",
          "conclusion": "success",
          "name": "Post Run actions/checkout@fbc6f3992d24b796d5a048ff273f7fcc4a7b6c09",
          "number": 35,
          "startedAt": "2026-08-23T12:41:56Z",
          "status": "completed"
        },
        {
          "completedAt": "2026-08-23T12:41:57Z",
          "conclusion": "success",
          "name": "Stop containers",
          "number": 36,
          "startedAt": "2026-08-23T12:41:56Z",
          "status": "completed"
        },
        {
          "completedAt": "2026-08-23T12:41:57Z",
          "conclusion": "success",
          "name": "Complete job",
          "number": 37,
          "startedAt": "2026-08-23T12:41:57Z",
          "status": "completed"
        }
      ],
      "url": "https://github.com/sonnynguyen170321-ctrl/CRM-4-Telestar-Final/actions/runs/32639980424/job/97195471597"
    },
    {
      "completedAt": "2026-08-23T12:38:57Z",
      "conclusion": "success",
      "databaseId": 97195471609,
      "name": "Secret scan",
      "startedAt": "2026-08-23T12:38:46Z",
      "status": "completed",
      "steps": [
        {
          "completedAt": "2026-08-23T12:38:48Z",
          "conclusion": "success",
          "name": "Set up job",
          "number": 1,
          "startedAt": "2026-08-23T12:38:47Z",
          "status": "completed"
        },
        {
          "completedAt": "2026-08-23T12:38:50Z",
          "conclusion": "success",
          "name": "Run actions/checkout@fbc6f3992d24b796d5a048ff273f7fcc4a7b6c09",
          "number": 2,
          "startedAt": "2026-08-23T12:38:48Z",
          "status": "completed"
        },
        {
          "completedAt": "2026-08-23T12:38:55Z",
          "conclusion": "success",
          "name": "gitleaks",
          "number": 3,
          "startedAt": "2026-08-23T12:38:50Z",
          "status": "completed"
        },
        {
          "completedAt": "2026-08-23T12:38:55Z",
          "conclusion": "skipped",
          "name": "Summarize gitleaks findings",
          "number": 4,
          "startedAt": "2026-08-23T12:38:55Z",
          "status": "completed"
        },
        {
          "completedAt": "2026-08-23T12:38:55Z",
          "conclusion": "skipped",
          "name": "Upload gitleaks report",
          "number": 5,
          "startedAt": "2026-08-23T12:38:55Z",
          "status": "completed"
        },
        {
          "completedAt": "2026-08-23T12:38:55Z",
          "conclusion": "success",
          "name": "Post Run actions/checkout@fbc6f3992d24b796d5a048ff273f7fcc4a7b6c09",
          "number": 10,
          "startedAt": "2026-08-23T12:38:55Z",
          "status": "completed"
        },
        {
          "completedAt": "2026-08-23T12:38:55Z",
          "conclusion": "success",
          "name": "Complete job",
          "number": 11,
          "startedAt": "2026-08-23T12:38:55Z",
          "status": "completed"
        }
      ],
      "url": "https://github.com/sonnynguyen170321-ctrl/CRM-4-Telestar-Final/actions/runs/32639980424/job/97195471609"
    },
    {
      "completedAt": "2026-08-23T12:41:41Z",
      "conclusion": "success",
      "databaseId": 97195471671,
      "name": "CodeQL",
      "startedAt": "2026-08-23T12:38:46Z",
      "status": "completed",
      "steps": [
        {
          "completedAt": "2026-08-23T12:38:47Z",
          "conclusion": "success",
          "name": "Set up job",
          "number": 1,
          "startedAt": "2026-08-23T12:38:46Z",
          "status": "completed"
        },
        {
          "completedAt": "2026-08-23T12:38:48Z",
          "conclusion": "success",
          "name": "Run actions/checkout@fbc6f3992d24b796d5a048ff273f7fcc4a7b6c09",
          "number": 2,
          "startedAt": "2026-08-23T12:38:47Z",
          "status": "completed"
        },
        {
          "completedAt": "2026-08-23T12:38:49Z",
          "conclusion": "success",
          "name": "Can this repository accept code scanning results?",
          "number": 3,
          "startedAt": "2026-08-23T12:38:48Z",
          "status": "completed"
        },
        {
          "completedAt": "2026-08-23T12:39:03Z",
          "conclusion": "success",
          "name": "Run github/codeql-action/init@c4dd10e44af883a891fe31ced449bcb4a6728b9b",
          "number": 4,
          "startedAt": "2026-08-23T12:38:49Z",
          "status": "completed"
        },
        {
          "completedAt": "2026-08-23T12:41:39Z",
          "conclusion": "success",
          "name": "Run github/codeql-action/analyze@c4dd10e44af883a891fe31ced449bcb4a6728b9b",
          "number": 5,
          "startedAt": "2026-08-23T12:39:03Z",
          "status": "completed"
        },
        {
          "completedAt": "2026-08-23T12:41:39Z",
          "conclusion": "skipped",
          "name": "Record CodeQL as BLOCKED_EXTERNAL",
          "number": 6,
          "startedAt": "2026-08-23T12:41:39Z",
          "status": "completed"
        },
        {
          "completedAt": "2026-08-23T12:41:39Z",
          "conclusion": "success",
          "name": "Post Run github/codeql-action/analyze@c4dd10e44af883a891fe31ced449bcb4a6728b9b",
          "number": 10,
          "startedAt": "2026-08-23T12:41:39Z",
          "status": "completed"
        },
        {
          "completedAt": "2026-08-23T12:41:39Z",
          "conclusion": "success",
          "name": "Post Run github/codeql-action/init@c4dd10e44af883a891fe31ced449bcb4a6728b9b",
          "number": 11,
          "startedAt": "2026-08-23T12:41:39Z",
          "status": "completed"
        },
        {
          "completedAt": "2026-08-23T12:41:40Z",
          "conclusion": "success",
          "name": "Post Run actions/checkout@fbc6f3992d24b796d5a048ff273f7fcc4a7b6c09",
          "number": 12,
          "startedAt": "2026-08-23T12:41:39Z",
          "status": "completed"
        },
        {
          "completedAt": "2026-08-23T12:41:40Z",
          "conclusion": "success",
          "name": "Complete job",
          "number": 13,
          "startedAt": "2026-08-23T12:41:40Z",
          "status": "completed"
        }
      ],
      "url": "https://github.com/sonnynguyen170321-ctrl/CRM-4-Telestar-Final/actions/runs/32639980424/job/97195471671"
    },
    {
      "completedAt": "2026-08-23T12:39:45Z",
      "conclusion": "success",
      "databaseId": 97195471677,
      "name": "Migration validation",
      "startedAt": "2026-08-23T12:38:46Z",
      "status": "completed",
      "steps": [
        {
          "completedAt": "2026-08-23T12:38:47Z",
          "conclusion": "success",
          "name": "Set up job",
          "number": 1,
          "startedAt": "2026-08-23T12:38:47Z",
          "status": "completed"
        },
        {
          "completedAt": "2026-08-23T12:39:09Z",
          "conclusion": "success",
          "name": "Initialize containers",
          "number": 2,
          "startedAt": "2026-08-23T12:38:47Z",
          "status": "completed"
        },
        {
          "completedAt": "2026-08-23T12:39:11Z",
          "conclusion": "success",
          "name": "Run actions/checkout@fbc6f3992d24b796d5a048ff273f7fcc4a7b6c09",
          "number": 3,
          "startedAt": "2026-08-23T12:39:09Z",
          "status": "completed"
        },
        {
          "completedAt": "2026-08-23T12:39:16Z",
          "conclusion": "success",
          "name": "Run actions/setup-node@a0853c24544627f65ddf259abe73b1d18a591444",
          "number": 4,
          "startedAt": "2026-08-23T12:39:11Z",
          "status": "completed"
        },
        {
          "completedAt": "2026-08-23T12:39:16Z",
          "conclusion": "success",
          "name": "Verify runtime",
          "number": 5,
          "startedAt": "2026-08-23T12:39:16Z",
          "status": "completed"
        },
        {
          "completedAt": "2026-08-23T12:39:36Z",
          "conclusion": "success",
          "name": "Install dependencies",
          "number": 6,
          "startedAt": "2026-08-23T12:39:16Z",
          "status": "completed"
        },
        {
          "completedAt": "2026-08-23T12:39:37Z",
          "conclusion": "success",
          "name": "Fetch base branch for the migration preflight",
          "number": 7,
          "startedAt": "2026-08-23T12:39:36Z",
          "status": "completed"
        },
        {
          "completedAt": "2026-08-23T12:39:38Z",
          "conclusion": "success",
          "name": "Validate Prisma schema",
          "number": 8,
          "startedAt": "2026-08-23T12:39:37Z",
          "status": "completed"
        },
        {
          "completedAt": "2026-08-23T12:39:38Z",
          "conclusion": "success",
          "name": "Migration order preflight",
          "number": 9,
          "startedAt": "2026-08-23T12:39:38Z",
          "status": "completed"
        },
        {
          "completedAt": "2026-08-23T12:39:38Z",
          "conclusion": "success",
          "name": "Create shadow database",
          "number": 10,
          "startedAt": "2026-08-23T12:39:38Z",
          "status": "completed"
        },
        {
          "completedAt": "2026-08-23T12:39:40Z",
          "conclusion": "success",
          "name": "Replay migrations from empty and fail on schema drift",
          "number": 11,
          "startedAt": "2026-08-23T12:39:38Z",
          "status": "completed"
        },
        {
          "completedAt": "2026-08-23T12:39:42Z",
          "conclusion": "success",
          "name": "Verify PostgreSQL RLS tenant isolation",
          "number": 12,
          "startedAt": "2026-08-23T12:39:40Z",
          "status": "completed"
        },
        {
          "completedAt": "2026-08-23T12:39:42Z",
          "conclusion": "success",
          "name": "Post Run actions/setup-node@a0853c24544627f65ddf259abe73b1d18a591444",
          "number": 22,
          "startedAt": "2026-08-23T12:39:42Z",
          "status": "completed"
        },
        {
          "completedAt": "2026-08-23T12:39:42Z",
          "conclusion": "success",
          "name": "Post Run actions/checkout@fbc6f3992d24b796d5a048ff273f7fcc4a7b6c09",
          "number": 23,
          "startedAt": "2026-08-23T12:39:42Z",
          "status": "completed"
        },
        {
          "completedAt": "2026-08-23T12:39:43Z",
          "conclusion": "success",
          "name": "Stop containers",
          "number": 24,
          "startedAt": "2026-08-23T12:39:42Z",
          "status": "completed"
        },
        {
          "completedAt": "2026-08-23T12:39:43Z",
          "conclusion": "success",
          "name": "Complete job",
          "number": 25,
          "startedAt": "2026-08-23T12:39:43Z",
          "status": "completed"
        }
      ],
      "url": "https://github.com/sonnynguyen170321-ctrl/CRM-4-Telestar-Final/actions/runs/32639980424/job/97195471677"
    },
    {
      "completedAt": "2026-08-23T12:38:43Z",
      "conclusion": "skipped",
      "databaseId": 97195472023,
      "name": "Dependency review",
      "startedAt": "2026-08-23T12:38:43Z",
      "status": "completed",
      "steps": [],
      "url": "https://github.com/sonnynguyen170321-ctrl/CRM-4-Telestar-Final/actions/runs/32639980424/job/97195472023"
    },
    {
      "completedAt": "2026-08-23T12:44:52Z",
      "conclusion": "success",
      "databaseId": 97196180795,
      "name": "CI required checks",
      "startedAt": "2026-08-23T12:44:49Z",
      "status": "completed",
      "steps": [
        {
          "completedAt": "2026-08-23T12:44:50Z",
          "conclusion": "success",
          "name": "Set up job",
          "number": 1,
          "startedAt": "2026-08-23T12:44:50Z",
          "status": "completed"
        },
        {
          "completedAt": "2026-08-23T12:44:50Z",
          "conclusion": "success",
          "name": "Fail unless every required job produced an acceptable result",
          "number": 2,
          "startedAt": "2026-08-23T12:44:50Z",
          "status": "completed"
        },
        {
          "completedAt": "2026-08-23T12:44:50Z",
          "conclusion": "success",
          "name": "Complete job",
          "number": 3,
          "startedAt": "2026-08-23T12:44:50Z",
          "status": "completed"
        }
      ],
      "url": "https://github.com/sonnynguyen170321-ctrl/CRM-4-Telestar-Final/actions/runs/32639980424/job/97196180795"
    }
  ],
  "status": "completed",
  "updatedAt": "2026-08-23T12:44:53Z",
  "url": "https://github.com/sonnynguyen170321-ctrl/CRM-4-Telestar-Final/actions/runs/32639980424",
  "workflowName": "CI"
}
