# gh run view 32709754365
# capturedAt: 2026-08-24T09:16:51.472Z

{
  "conclusion": "success",
  "createdAt": "2026-08-24T09:06:51Z",
  "databaseId": 32709754365,
  "headBranch": "main",
  "headSha": "319d20ee31646408dd8c0f55f71346a483ab16d1",
  "jobs": [
    {
      "completedAt": "2026-08-24T09:07:00Z",
      "conclusion": "success",
      "databaseId": 97378423551,
      "name": "Dependency audit",
      "startedAt": "2026-08-24T09:06:54Z",
      "status": "completed",
      "steps": [
        {
          "completedAt": "2026-08-24T09:06:55Z",
          "conclusion": "success",
          "name": "Set up job",
          "number": 1,
          "startedAt": "2026-08-24T09:06:54Z",
          "status": "completed"
        },
        {
          "completedAt": "2026-08-24T09:06:56Z",
          "conclusion": "success",
          "name": "Run actions/checkout@fbc6f3992d24b796d5a048ff273f7fcc4a7b6c09",
          "number": 2,
          "startedAt": "2026-08-24T09:06:55Z",
          "status": "completed"
        },
        {
          "completedAt": "2026-08-24T09:06:57Z",
          "conclusion": "success",
          "name": "Run actions/setup-node@49933ea5288caeca8642d1e84afbd3f7d6820020",
          "number": 3,
          "startedAt": "2026-08-24T09:06:56Z",
          "status": "completed"
        },
        {
          "completedAt": "2026-08-24T09:06:58Z",
          "conclusion": "success",
          "name": "npm audit (high and above)",
          "number": 4,
          "startedAt": "2026-08-24T09:06:57Z",
          "status": "completed"
        },
        {
          "completedAt": "2026-08-24T09:06:58Z",
          "conclusion": "success",
          "name": "Post Run actions/setup-node@49933ea5288caeca8642d1e84afbd3f7d6820020",
          "number": 7,
          "startedAt": "2026-08-24T09:06:58Z",
          "status": "completed"
        },
        {
          "completedAt": "2026-08-24T09:06:59Z",
          "conclusion": "success",
          "name": "Post Run actions/checkout@fbc6f3992d24b796d5a048ff273f7fcc4a7b6c09",
          "number": 8,
          "startedAt": "2026-08-24T09:06:58Z",
          "status": "completed"
        },
        {
          "completedAt": "2026-08-24T09:06:59Z",
          "conclusion": "success",
          "name": "Complete job",
          "number": 9,
          "startedAt": "2026-08-24T09:06:59Z",
          "status": "completed"
        }
      ],
      "url": "https://github.com/sonnynguyen170321-ctrl/CRM-4-Telestar-Final/actions/runs/32709754365/job/97378423551"
    },
    {
      "completedAt": "2026-08-24T09:07:57Z",
      "conclusion": "success",
      "databaseId": 97378423711,
      "name": "Migration validation",
      "startedAt": "2026-08-24T09:06:54Z",
      "status": "completed",
      "steps": [
        {
          "completedAt": "2026-08-24T09:06:56Z",
          "conclusion": "success",
          "name": "Set up job",
          "number": 1,
          "startedAt": "2026-08-24T09:06:55Z",
          "status": "completed"
        },
        {
          "completedAt": "2026-08-24T09:07:19Z",
          "conclusion": "success",
          "name": "Initialize containers",
          "number": 2,
          "startedAt": "2026-08-24T09:06:56Z",
          "status": "completed"
        },
        {
          "completedAt": "2026-08-24T09:07:21Z",
          "conclusion": "success",
          "name": "Run actions/checkout@fbc6f3992d24b796d5a048ff273f7fcc4a7b6c09",
          "number": 3,
          "startedAt": "2026-08-24T09:07:19Z",
          "status": "completed"
        },
        {
          "completedAt": "2026-08-24T09:07:27Z",
          "conclusion": "success",
          "name": "Run actions/setup-node@a0853c24544627f65ddf259abe73b1d18a591444",
          "number": 4,
          "startedAt": "2026-08-24T09:07:21Z",
          "status": "completed"
        },
        {
          "completedAt": "2026-08-24T09:07:27Z",
          "conclusion": "success",
          "name": "Verify runtime",
          "number": 5,
          "startedAt": "2026-08-24T09:07:27Z",
          "status": "completed"
        },
        {
          "completedAt": "2026-08-24T09:07:48Z",
          "conclusion": "success",
          "name": "Install dependencies",
          "number": 6,
          "startedAt": "2026-08-24T09:07:27Z",
          "status": "completed"
        },
        {
          "completedAt": "2026-08-24T09:07:48Z",
          "conclusion": "success",
          "name": "Fetch base branch for the migration preflight",
          "number": 7,
          "startedAt": "2026-08-24T09:07:48Z",
          "status": "completed"
        },
        {
          "completedAt": "2026-08-24T09:07:49Z",
          "conclusion": "success",
          "name": "Validate Prisma schema",
          "number": 8,
          "startedAt": "2026-08-24T09:07:48Z",
          "status": "completed"
        },
        {
          "completedAt": "2026-08-24T09:07:49Z",
          "conclusion": "success",
          "name": "Migration order preflight",
          "number": 9,
          "startedAt": "2026-08-24T09:07:49Z",
          "status": "completed"
        },
        {
          "completedAt": "2026-08-24T09:07:50Z",
          "conclusion": "success",
          "name": "Create shadow database",
          "number": 10,
          "startedAt": "2026-08-24T09:07:49Z",
          "status": "completed"
        },
        {
          "completedAt": "2026-08-24T09:07:51Z",
          "conclusion": "success",
          "name": "Replay migrations from empty and fail on schema drift",
          "number": 11,
          "startedAt": "2026-08-24T09:07:50Z",
          "status": "completed"
        },
        {
          "completedAt": "2026-08-24T09:07:53Z",
          "conclusion": "success",
          "name": "Verify PostgreSQL RLS tenant isolation",
          "number": 12,
          "startedAt": "2026-08-24T09:07:51Z",
          "status": "completed"
        },
        {
          "completedAt": "2026-08-24T09:07:53Z",
          "conclusion": "success",
          "name": "Post Run actions/setup-node@a0853c24544627f65ddf259abe73b1d18a591444",
          "number": 22,
          "startedAt": "2026-08-24T09:07:53Z",
          "status": "completed"
        },
        {
          "completedAt": "2026-08-24T09:07:54Z",
          "conclusion": "success",
          "name": "Post Run actions/checkout@fbc6f3992d24b796d5a048ff273f7fcc4a7b6c09",
          "number": 23,
          "startedAt": "2026-08-24T09:07:53Z",
          "status": "completed"
        },
        {
          "completedAt": "2026-08-24T09:07:54Z",
          "conclusion": "success",
          "name": "Stop containers",
          "number": 24,
          "startedAt": "2026-08-24T09:07:54Z",
          "status": "completed"
        },
        {
          "completedAt": "2026-08-24T09:07:54Z",
          "conclusion": "success",
          "name": "Complete job",
          "number": 25,
          "startedAt": "2026-08-24T09:07:54Z",
          "status": "completed"
        }
      ],
      "url": "https://github.com/sonnynguyen170321-ctrl/CRM-4-Telestar-Final/actions/runs/32709754365/job/97378423711"
    },
    {
      "completedAt": "2026-08-24T09:09:49Z",
      "conclusion": "success",
      "databaseId": 97378423730,
      "name": "CodeQL",
      "startedAt": "2026-08-24T09:06:54Z",
      "status": "completed",
      "steps": [
        {
          "completedAt": "2026-08-24T09:06:55Z",
          "conclusion": "success",
          "name": "Set up job",
          "number": 1,
          "startedAt": "2026-08-24T09:06:55Z",
          "status": "completed"
        },
        {
          "completedAt": "2026-08-24T09:06:57Z",
          "conclusion": "success",
          "name": "Run actions/checkout@fbc6f3992d24b796d5a048ff273f7fcc4a7b6c09",
          "number": 2,
          "startedAt": "2026-08-24T09:06:55Z",
          "status": "completed"
        },
        {
          "completedAt": "2026-08-24T09:06:59Z",
          "conclusion": "success",
          "name": "Can this repository accept code scanning results?",
          "number": 3,
          "startedAt": "2026-08-24T09:06:57Z",
          "status": "completed"
        },
        {
          "completedAt": "2026-08-24T09:07:09Z",
          "conclusion": "success",
          "name": "Run github/codeql-action/init@c4dd10e44af883a891fe31ced449bcb4a6728b9b",
          "number": 4,
          "startedAt": "2026-08-24T09:06:59Z",
          "status": "completed"
        },
        {
          "completedAt": "2026-08-24T09:09:47Z",
          "conclusion": "success",
          "name": "Run github/codeql-action/analyze@c4dd10e44af883a891fe31ced449bcb4a6728b9b",
          "number": 5,
          "startedAt": "2026-08-24T09:07:09Z",
          "status": "completed"
        },
        {
          "completedAt": "2026-08-24T09:09:47Z",
          "conclusion": "skipped",
          "name": "Record CodeQL as BLOCKED_EXTERNAL",
          "number": 6,
          "startedAt": "2026-08-24T09:09:47Z",
          "status": "completed"
        },
        {
          "completedAt": "2026-08-24T09:09:47Z",
          "conclusion": "success",
          "name": "Post Run github/codeql-action/analyze@c4dd10e44af883a891fe31ced449bcb4a6728b9b",
          "number": 10,
          "startedAt": "2026-08-24T09:09:47Z",
          "status": "completed"
        },
        {
          "completedAt": "2026-08-24T09:09:48Z",
          "conclusion": "success",
          "name": "Post Run github/codeql-action/init@c4dd10e44af883a891fe31ced449bcb4a6728b9b",
          "number": 11,
          "startedAt": "2026-08-24T09:09:47Z",
          "status": "completed"
        },
        {
          "completedAt": "2026-08-24T09:09:48Z",
          "conclusion": "success",
          "name": "Post Run actions/checkout@fbc6f3992d24b796d5a048ff273f7fcc4a7b6c09",
          "number": 12,
          "startedAt": "2026-08-24T09:09:48Z",
          "status": "completed"
        },
        {
          "completedAt": "2026-08-24T09:09:48Z",
          "conclusion": "success",
          "name": "Complete job",
          "number": 13,
          "startedAt": "2026-08-24T09:09:48Z",
          "status": "completed"
        }
      ],
      "url": "https://github.com/sonnynguyen170321-ctrl/CRM-4-Telestar-Final/actions/runs/32709754365/job/97378423730"
    },
    {
      "completedAt": "2026-08-24T09:09:56Z",
      "conclusion": "success",
      "databaseId": 97378423747,
      "name": "Docker build",
      "startedAt": "2026-08-24T09:06:54Z",
      "status": "completed",
      "steps": [
        {
          "completedAt": "2026-08-24T09:06:55Z",
          "conclusion": "success",
          "name": "Set up job",
          "number": 1,
          "startedAt": "2026-08-24T09:06:55Z",
          "status": "completed"
        },
        {
          "completedAt": "2026-08-24T09:06:57Z",
          "conclusion": "success",
          "name": "Run actions/checkout@fbc6f3992d24b796d5a048ff273f7fcc4a7b6c09",
          "number": 2,
          "startedAt": "2026-08-24T09:06:55Z",
          "status": "completed"
        },
        {
          "completedAt": "2026-08-24T09:07:02Z",
          "conclusion": "success",
          "name": "Run docker/setup-buildx-action@8d2750c68a42422c14e847fe6c8ac0403b4cbd6f",
          "number": 3,
          "startedAt": "2026-08-24T09:06:57Z",
          "status": "completed"
        },
        {
          "completedAt": "2026-08-24T09:09:47Z",
          "conclusion": "success",
          "name": "Build image",
          "number": 4,
          "startedAt": "2026-08-24T09:07:02Z",
          "status": "completed"
        },
        {
          "completedAt": "2026-08-24T09:09:49Z",
          "conclusion": "success",
          "name": "Operational scripts must run in the production image",
          "number": 5,
          "startedAt": "2026-08-24T09:09:47Z",
          "status": "completed"
        },
        {
          "completedAt": "2026-08-24T09:09:49Z",
          "conclusion": "skipped",
          "name": "Summarize Docker build failure",
          "number": 6,
          "startedAt": "2026-08-24T09:09:49Z",
          "status": "completed"
        },
        {
          "completedAt": "2026-08-24T09:09:55Z",
          "conclusion": "success",
          "name": "Post Run docker/setup-buildx-action@8d2750c68a42422c14e847fe6c8ac0403b4cbd6f",
          "number": 11,
          "startedAt": "2026-08-24T09:09:49Z",
          "status": "completed"
        },
        {
          "completedAt": "2026-08-24T09:09:55Z",
          "conclusion": "success",
          "name": "Post Run actions/checkout@fbc6f3992d24b796d5a048ff273f7fcc4a7b6c09",
          "number": 12,
          "startedAt": "2026-08-24T09:09:55Z",
          "status": "completed"
        },
        {
          "completedAt": "2026-08-24T09:09:55Z",
          "conclusion": "success",
          "name": "Complete job",
          "number": 13,
          "startedAt": "2026-08-24T09:09:55Z",
          "status": "completed"
        }
      ],
      "url": "https://github.com/sonnynguyen170321-ctrl/CRM-4-Telestar-Final/actions/runs/32709754365/job/97378423747"
    },
    {
      "completedAt": "2026-08-24T09:10:07Z",
      "conclusion": "success",
      "databaseId": 97378423749,
      "name": "Lint · types · tests",
      "startedAt": "2026-08-24T09:06:54Z",
      "status": "completed",
      "steps": [
        {
          "completedAt": "2026-08-24T09:06:56Z",
          "conclusion": "success",
          "name": "Set up job",
          "number": 1,
          "startedAt": "2026-08-24T09:06:55Z",
          "status": "completed"
        },
        {
          "completedAt": "2026-08-24T09:07:20Z",
          "conclusion": "success",
          "name": "Initialize containers",
          "number": 2,
          "startedAt": "2026-08-24T09:06:56Z",
          "status": "completed"
        },
        {
          "completedAt": "2026-08-24T09:07:23Z",
          "conclusion": "success",
          "name": "Run actions/checkout@fbc6f3992d24b796d5a048ff273f7fcc4a7b6c09",
          "number": 3,
          "startedAt": "2026-08-24T09:07:20Z",
          "status": "completed"
        },
        {
          "completedAt": "2026-08-24T09:07:29Z",
          "conclusion": "success",
          "name": "Run actions/setup-node@a0853c24544627f65ddf259abe73b1d18a591444",
          "number": 4,
          "startedAt": "2026-08-24T09:07:23Z",
          "status": "completed"
        },
        {
          "completedAt": "2026-08-24T09:07:29Z",
          "conclusion": "success",
          "name": "Verify runtime",
          "number": 5,
          "startedAt": "2026-08-24T09:07:29Z",
          "status": "completed"
        },
        {
          "completedAt": "2026-08-24T09:07:50Z",
          "conclusion": "success",
          "name": "Install dependencies",
          "number": 6,
          "startedAt": "2026-08-24T09:07:29Z",
          "status": "completed"
        },
        {
          "completedAt": "2026-08-24T09:07:54Z",
          "conclusion": "success",
          "name": "Generate Prisma client",
          "number": 7,
          "startedAt": "2026-08-24T09:07:50Z",
          "status": "completed"
        },
        {
          "completedAt": "2026-08-24T09:07:55Z",
          "conclusion": "success",
          "name": "Apply database migrations",
          "number": 8,
          "startedAt": "2026-08-24T09:07:54Z",
          "status": "completed"
        },
        {
          "completedAt": "2026-08-24T09:08:20Z",
          "conclusion": "success",
          "name": "Lint",
          "number": 9,
          "startedAt": "2026-08-24T09:07:55Z",
          "status": "completed"
        },
        {
          "completedAt": "2026-08-24T09:08:52Z",
          "conclusion": "success",
          "name": "Type check",
          "number": 10,
          "startedAt": "2026-08-24T09:08:20Z",
          "status": "completed"
        },
        {
          "completedAt": "2026-08-24T09:08:52Z",
          "conclusion": "success",
          "name": "Production topology validation",
          "number": 11,
          "startedAt": "2026-08-24T09:08:52Z",
          "status": "completed"
        },
        {
          "completedAt": "2026-08-24T09:08:52Z",
          "conclusion": "success",
          "name": "No retired AI model in runtime code",
          "number": 12,
          "startedAt": "2026-08-24T09:08:52Z",
          "status": "completed"
        },
        {
          "completedAt": "2026-08-24T09:08:52Z",
          "conclusion": "success",
          "name": "Seed delete order covers every restricting child",
          "number": 13,
          "startedAt": "2026-08-24T09:08:52Z",
          "status": "completed"
        },
        {
          "completedAt": "2026-08-24T09:08:53Z",
          "conclusion": "success",
          "name": "Project truth (agent control plane)",
          "number": 14,
          "startedAt": "2026-08-24T09:08:52Z",
          "status": "completed"
        },
        {
          "completedAt": "2026-08-24T09:08:53Z",
          "conclusion": "success",
          "name": "Test discipline",
          "number": 15,
          "startedAt": "2026-08-24T09:08:53Z",
          "status": "completed"
        },
        {
          "completedAt": "2026-08-24T09:10:02Z",
          "conclusion": "success",
          "name": "Tests",
          "number": 16,
          "startedAt": "2026-08-24T09:08:53Z",
          "status": "completed"
        },
        {
          "completedAt": "2026-08-24T09:10:03Z",
          "conclusion": "success",
          "name": "No test was skipped",
          "number": 17,
          "startedAt": "2026-08-24T09:10:02Z",
          "status": "completed"
        },
        {
          "completedAt": "2026-08-24T09:10:03Z",
          "conclusion": "skipped",
          "name": "Summarize failure",
          "number": 18,
          "startedAt": "2026-08-24T09:10:03Z",
          "status": "completed"
        },
        {
          "completedAt": "2026-08-24T09:10:03Z",
          "conclusion": "success",
          "name": "Post Run actions/setup-node@a0853c24544627f65ddf259abe73b1d18a591444",
          "number": 34,
          "startedAt": "2026-08-24T09:10:03Z",
          "status": "completed"
        },
        {
          "completedAt": "2026-08-24T09:10:03Z",
          "conclusion": "success",
          "name": "Post Run actions/checkout@fbc6f3992d24b796d5a048ff273f7fcc4a7b6c09",
          "number": 35,
          "startedAt": "2026-08-24T09:10:03Z",
          "status": "completed"
        },
        {
          "completedAt": "2026-08-24T09:10:03Z",
          "conclusion": "success",
          "name": "Stop containers",
          "number": 36,
          "startedAt": "2026-08-24T09:10:03Z",
          "status": "completed"
        },
        {
          "completedAt": "2026-08-24T09:10:03Z",
          "conclusion": "success",
          "name": "Complete job",
          "number": 37,
          "startedAt": "2026-08-24T09:10:03Z",
          "status": "completed"
        }
      ],
      "url": "https://github.com/sonnynguyen170321-ctrl/CRM-4-Telestar-Final/actions/runs/32709754365/job/97378423749"
    },
    {
      "completedAt": "2026-08-24T09:13:12Z",
      "conclusion": "success",
      "databaseId": 97378423773,
      "name": "Build · Playwright",
      "startedAt": "2026-08-24T09:06:54Z",
      "status": "completed",
      "steps": [
        {
          "completedAt": "2026-08-24T09:06:56Z",
          "conclusion": "success",
          "name": "Set up job",
          "number": 1,
          "startedAt": "2026-08-24T09:06:55Z",
          "status": "completed"
        },
        {
          "completedAt": "2026-08-24T09:07:17Z",
          "conclusion": "success",
          "name": "Initialize containers",
          "number": 2,
          "startedAt": "2026-08-24T09:06:56Z",
          "status": "completed"
        },
        {
          "completedAt": "2026-08-24T09:07:18Z",
          "conclusion": "success",
          "name": "Run actions/checkout@fbc6f3992d24b796d5a048ff273f7fcc4a7b6c09",
          "number": 3,
          "startedAt": "2026-08-24T09:07:17Z",
          "status": "completed"
        },
        {
          "completedAt": "2026-08-24T09:07:23Z",
          "conclusion": "success",
          "name": "Run actions/setup-node@a0853c24544627f65ddf259abe73b1d18a591444",
          "number": 4,
          "startedAt": "2026-08-24T09:07:18Z",
          "status": "completed"
        },
        {
          "completedAt": "2026-08-24T09:07:23Z",
          "conclusion": "success",
          "name": "Verify runtime",
          "number": 5,
          "startedAt": "2026-08-24T09:07:23Z",
          "status": "completed"
        },
        {
          "completedAt": "2026-08-24T09:07:45Z",
          "conclusion": "success",
          "name": "Install dependencies",
          "number": 6,
          "startedAt": "2026-08-24T09:07:23Z",
          "status": "completed"
        },
        {
          "completedAt": "2026-08-24T09:07:48Z",
          "conclusion": "success",
          "name": "Generate Prisma client",
          "number": 7,
          "startedAt": "2026-08-24T09:07:45Z",
          "status": "completed"
        },
        {
          "completedAt": "2026-08-24T09:07:50Z",
          "conclusion": "success",
          "name": "Apply database migrations",
          "number": 8,
          "startedAt": "2026-08-24T09:07:48Z",
          "status": "completed"
        },
        {
          "completedAt": "2026-08-24T09:07:50Z",
          "conclusion": "success",
          "name": "Mint a per-run demo password",
          "number": 9,
          "startedAt": "2026-08-24T09:07:50Z",
          "status": "completed"
        },
        {
          "completedAt": "2026-08-24T09:07:51Z",
          "conclusion": "success",
          "name": "Run demo seed",
          "number": 10,
          "startedAt": "2026-08-24T09:07:50Z",
          "status": "completed"
        },
        {
          "completedAt": "2026-08-24T09:07:52Z",
          "conclusion": "success",
          "name": "Build the audit fixture (setup + audit projects)",
          "number": 11,
          "startedAt": "2026-08-24T09:07:51Z",
          "status": "completed"
        },
        {
          "completedAt": "2026-08-24T09:07:53Z",
          "conclusion": "success",
          "name": "Seed the demo tenant (demo project)",
          "number": 12,
          "startedAt": "2026-08-24T09:07:52Z",
          "status": "completed"
        },
        {
          "completedAt": "2026-08-24T09:09:04Z",
          "conclusion": "success",
          "name": "Production build",
          "number": 13,
          "startedAt": "2026-08-24T09:07:53Z",
          "status": "completed"
        },
        {
          "completedAt": "2026-08-24T09:09:33Z",
          "conclusion": "success",
          "name": "Install Playwright browsers",
          "number": 14,
          "startedAt": "2026-08-24T09:09:04Z",
          "status": "completed"
        },
        {
          "completedAt": "2026-08-24T09:09:35Z",
          "conclusion": "success",
          "name": "Start the production server",
          "number": 15,
          "startedAt": "2026-08-24T09:09:33Z",
          "status": "completed"
        },
        {
          "completedAt": "2026-08-24T09:09:39Z",
          "conclusion": "success",
          "name": "Start the background worker (BullMQ)",
          "number": 16,
          "startedAt": "2026-08-24T09:09:35Z",
          "status": "completed"
        },
        {
          "completedAt": "2026-08-24T09:09:40Z",
          "conclusion": "success",
          "name": "Verify import worker consumer readiness",
          "number": 17,
          "startedAt": "2026-08-24T09:09:39Z",
          "status": "completed"
        },
        {
          "completedAt": "2026-08-24T09:13:09Z",
          "conclusion": "success",
          "name": "Playwright",
          "number": 18,
          "startedAt": "2026-08-24T09:09:40Z",
          "status": "completed"
        },
        {
          "completedAt": "2026-08-24T09:13:09Z",
          "conclusion": "skipped",
          "name": "Import chain diagnostic",
          "number": 19,
          "startedAt": "2026-08-24T09:13:09Z",
          "status": "completed"
        },
        {
          "completedAt": "2026-08-24T09:13:09Z",
          "conclusion": "skipped",
          "name": "Summarize failure",
          "number": 20,
          "startedAt": "2026-08-24T09:13:09Z",
          "status": "completed"
        },
        {
          "completedAt": "2026-08-24T09:13:09Z",
          "conclusion": "skipped",
          "name": "Upload Playwright artifacts",
          "number": 21,
          "startedAt": "2026-08-24T09:13:09Z",
          "status": "completed"
        },
        {
          "completedAt": "2026-08-24T09:13:09Z",
          "conclusion": "success",
          "name": "Post Run actions/setup-node@a0853c24544627f65ddf259abe73b1d18a591444",
          "number": 40,
          "startedAt": "2026-08-24T09:13:09Z",
          "status": "completed"
        },
        {
          "completedAt": "2026-08-24T09:13:09Z",
          "conclusion": "success",
          "name": "Post Run actions/checkout@fbc6f3992d24b796d5a048ff273f7fcc4a7b6c09",
          "number": 41,
          "startedAt": "2026-08-24T09:13:09Z",
          "status": "completed"
        },
        {
          "completedAt": "2026-08-24T09:13:09Z",
          "conclusion": "success",
          "name": "Stop containers",
          "number": 42,
          "startedAt": "2026-08-24T09:13:09Z",
          "status": "completed"
        },
        {
          "completedAt": "2026-08-24T09:13:10Z",
          "conclusion": "success",
          "name": "Complete job",
          "number": 43,
          "startedAt": "2026-08-24T09:13:09Z",
          "status": "completed"
        }
      ],
      "url": "https://github.com/sonnynguyen170321-ctrl/CRM-4-Telestar-Final/actions/runs/32709754365/job/97378423773"
    },
    {
      "completedAt": "2026-08-24T09:07:07Z",
      "conclusion": "success",
      "databaseId": 97378423792,
      "name": "Secret scan",
      "startedAt": "2026-08-24T09:06:55Z",
      "status": "completed",
      "steps": [
        {
          "completedAt": "2026-08-24T09:06:57Z",
          "conclusion": "success",
          "name": "Set up job",
          "number": 1,
          "startedAt": "2026-08-24T09:06:56Z",
          "status": "completed"
        },
        {
          "completedAt": "2026-08-24T09:06:59Z",
          "conclusion": "success",
          "name": "Run actions/checkout@fbc6f3992d24b796d5a048ff273f7fcc4a7b6c09",
          "number": 2,
          "startedAt": "2026-08-24T09:06:57Z",
          "status": "completed"
        },
        {
          "completedAt": "2026-08-24T09:07:04Z",
          "conclusion": "success",
          "name": "gitleaks",
          "number": 3,
          "startedAt": "2026-08-24T09:06:59Z",
          "status": "completed"
        },
        {
          "completedAt": "2026-08-24T09:07:04Z",
          "conclusion": "skipped",
          "name": "Summarize gitleaks findings",
          "number": 4,
          "startedAt": "2026-08-24T09:07:04Z",
          "status": "completed"
        },
        {
          "completedAt": "2026-08-24T09:07:04Z",
          "conclusion": "skipped",
          "name": "Upload gitleaks report",
          "number": 5,
          "startedAt": "2026-08-24T09:07:04Z",
          "status": "completed"
        },
        {
          "completedAt": "2026-08-24T09:07:04Z",
          "conclusion": "success",
          "name": "Post Run actions/checkout@fbc6f3992d24b796d5a048ff273f7fcc4a7b6c09",
          "number": 10,
          "startedAt": "2026-08-24T09:07:04Z",
          "status": "completed"
        },
        {
          "completedAt": "2026-08-24T09:07:04Z",
          "conclusion": "success",
          "name": "Complete job",
          "number": 11,
          "startedAt": "2026-08-24T09:07:04Z",
          "status": "completed"
        }
      ],
      "url": "https://github.com/sonnynguyen170321-ctrl/CRM-4-Telestar-Final/actions/runs/32709754365/job/97378423792"
    },
    {
      "completedAt": "2026-08-24T09:06:51Z",
      "conclusion": "skipped",
      "databaseId": 97378424798,
      "name": "Dependency review",
      "startedAt": "2026-08-24T09:06:52Z",
      "status": "completed",
      "steps": [],
      "url": "https://github.com/sonnynguyen170321-ctrl/CRM-4-Telestar-Final/actions/runs/32709754365/job/97378424798"
    },
    {
      "completedAt": "2026-08-24T09:13:18Z",
      "conclusion": "success",
      "databaseId": 97380115832,
      "name": "CI required checks",
      "startedAt": "2026-08-24T09:13:15Z",
      "status": "completed",
      "steps": [
        {
          "completedAt": "2026-08-24T09:13:16Z",
          "conclusion": "success",
          "name": "Set up job",
          "number": 1,
          "startedAt": "2026-08-24T09:13:16Z",
          "status": "completed"
        },
        {
          "completedAt": "2026-08-24T09:13:16Z",
          "conclusion": "success",
          "name": "Fail unless every required job produced an acceptable result",
          "number": 2,
          "startedAt": "2026-08-24T09:13:16Z",
          "status": "completed"
        },
        {
          "completedAt": "2026-08-24T09:13:16Z",
          "conclusion": "success",
          "name": "Complete job",
          "number": 3,
          "startedAt": "2026-08-24T09:13:16Z",
          "status": "completed"
        }
      ],
      "url": "https://github.com/sonnynguyen170321-ctrl/CRM-4-Telestar-Final/actions/runs/32709754365/job/97380115832"
    }
  ],
  "status": "completed",
  "updatedAt": "2026-08-24T09:13:19Z",
  "url": "https://github.com/sonnynguyen170321-ctrl/CRM-4-Telestar-Final/actions/runs/32709754365",
  "workflowName": "CI"
}
