# gh run view 33108408475
# capturedAt: 2026-08-27T20:49:36.170Z

{
  "conclusion": "success",
  "createdAt": "2026-08-27T19:26:00Z",
  "databaseId": 33108408475,
  "headBranch": "main",
  "headSha": "396d3652c619c25f8f26005127e9b7291cdaeedf",
  "jobs": [
    {
      "completedAt": "2026-08-27T19:26:39Z",
      "conclusion": "success",
      "databaseId": 98644408329,
      "name": "Secret scan",
      "startedAt": "2026-08-27T19:26:03Z",
      "status": "completed",
      "steps": [
        {
          "completedAt": "2026-08-27T19:26:05Z",
          "conclusion": "success",
          "name": "Set up job",
          "number": 1,
          "startedAt": "2026-08-27T19:26:05Z",
          "status": "completed"
        },
        {
          "completedAt": "2026-08-27T19:26:07Z",
          "conclusion": "success",
          "name": "Run actions/checkout@fbc6f3992d24b796d5a048ff273f7fcc4a7b6c09",
          "number": 2,
          "startedAt": "2026-08-27T19:26:05Z",
          "status": "completed"
        },
        {
          "completedAt": "2026-08-27T19:26:37Z",
          "conclusion": "success",
          "name": "gitleaks",
          "number": 3,
          "startedAt": "2026-08-27T19:26:07Z",
          "status": "completed"
        },
        {
          "completedAt": "2026-08-27T19:26:37Z",
          "conclusion": "skipped",
          "name": "Summarize gitleaks findings",
          "number": 4,
          "startedAt": "2026-08-27T19:26:37Z",
          "status": "completed"
        },
        {
          "completedAt": "2026-08-27T19:26:37Z",
          "conclusion": "skipped",
          "name": "Upload gitleaks report",
          "number": 5,
          "startedAt": "2026-08-27T19:26:37Z",
          "status": "completed"
        },
        {
          "completedAt": "2026-08-27T19:26:37Z",
          "conclusion": "success",
          "name": "Post Run actions/checkout@fbc6f3992d24b796d5a048ff273f7fcc4a7b6c09",
          "number": 10,
          "startedAt": "2026-08-27T19:26:37Z",
          "status": "completed"
        },
        {
          "completedAt": "2026-08-27T19:26:37Z",
          "conclusion": "success",
          "name": "Complete job",
          "number": 11,
          "startedAt": "2026-08-27T19:26:37Z",
          "status": "completed"
        }
      ],
      "url": "https://github.com/sonnynguyen170321-ctrl/CRM-4-Telestar-Final/actions/runs/33108408475/job/98644408329"
    },
    {
      "completedAt": "2026-08-27T19:26:35Z",
      "conclusion": "success",
      "databaseId": 98644408488,
      "name": "Dependency audit",
      "startedAt": "2026-08-27T19:26:04Z",
      "status": "completed",
      "steps": [
        {
          "completedAt": "2026-08-27T19:26:05Z",
          "conclusion": "success",
          "name": "Set up job",
          "number": 1,
          "startedAt": "2026-08-27T19:26:05Z",
          "status": "completed"
        },
        {
          "completedAt": "2026-08-27T19:26:07Z",
          "conclusion": "success",
          "name": "Run actions/checkout@fbc6f3992d24b796d5a048ff273f7fcc4a7b6c09",
          "number": 2,
          "startedAt": "2026-08-27T19:26:05Z",
          "status": "completed"
        },
        {
          "completedAt": "2026-08-27T19:26:12Z",
          "conclusion": "success",
          "name": "Run actions/setup-node@49933ea5288caeca8642d1e84afbd3f7d6820020",
          "number": 3,
          "startedAt": "2026-08-27T19:26:07Z",
          "status": "completed"
        },
        {
          "completedAt": "2026-08-27T19:26:13Z",
          "conclusion": "success",
          "name": "npm audit (high and above)",
          "number": 4,
          "startedAt": "2026-08-27T19:26:12Z",
          "status": "completed"
        },
        {
          "completedAt": "2026-08-27T19:26:32Z",
          "conclusion": "success",
          "name": "npm ls (the installed tree satisfies every declared range)",
          "number": 5,
          "startedAt": "2026-08-27T19:26:13Z",
          "status": "completed"
        },
        {
          "completedAt": "2026-08-27T19:26:32Z",
          "conclusion": "success",
          "name": "Post Run actions/setup-node@49933ea5288caeca8642d1e84afbd3f7d6820020",
          "number": 9,
          "startedAt": "2026-08-27T19:26:32Z",
          "status": "completed"
        },
        {
          "completedAt": "2026-08-27T19:26:32Z",
          "conclusion": "success",
          "name": "Post Run actions/checkout@fbc6f3992d24b796d5a048ff273f7fcc4a7b6c09",
          "number": 10,
          "startedAt": "2026-08-27T19:26:32Z",
          "status": "completed"
        },
        {
          "completedAt": "2026-08-27T19:26:32Z",
          "conclusion": "success",
          "name": "Complete job",
          "number": 11,
          "startedAt": "2026-08-27T19:26:32Z",
          "status": "completed"
        }
      ],
      "url": "https://github.com/sonnynguyen170321-ctrl/CRM-4-Telestar-Final/actions/runs/33108408475/job/98644408488"
    },
    {
      "completedAt": "2026-08-27T19:29:15Z",
      "conclusion": "success",
      "databaseId": 98644408517,
      "name": "Docker build",
      "startedAt": "2026-08-27T19:26:03Z",
      "status": "completed",
      "steps": [
        {
          "completedAt": "2026-08-27T19:26:05Z",
          "conclusion": "success",
          "name": "Set up job",
          "number": 1,
          "startedAt": "2026-08-27T19:26:04Z",
          "status": "completed"
        },
        {
          "completedAt": "2026-08-27T19:26:08Z",
          "conclusion": "success",
          "name": "Run actions/checkout@fbc6f3992d24b796d5a048ff273f7fcc4a7b6c09",
          "number": 2,
          "startedAt": "2026-08-27T19:26:05Z",
          "status": "completed"
        },
        {
          "completedAt": "2026-08-27T19:26:13Z",
          "conclusion": "success",
          "name": "Run docker/setup-buildx-action@8d2750c68a42422c14e847fe6c8ac0403b4cbd6f",
          "number": 3,
          "startedAt": "2026-08-27T19:26:08Z",
          "status": "completed"
        },
        {
          "completedAt": "2026-08-27T19:29:05Z",
          "conclusion": "success",
          "name": "Build image",
          "number": 4,
          "startedAt": "2026-08-27T19:26:13Z",
          "status": "completed"
        },
        {
          "completedAt": "2026-08-27T19:29:07Z",
          "conclusion": "success",
          "name": "Operational scripts must run in the production image",
          "number": 5,
          "startedAt": "2026-08-27T19:29:05Z",
          "status": "completed"
        },
        {
          "completedAt": "2026-08-27T19:29:07Z",
          "conclusion": "skipped",
          "name": "Summarize Docker build failure",
          "number": 6,
          "startedAt": "2026-08-27T19:29:07Z",
          "status": "completed"
        },
        {
          "completedAt": "2026-08-27T19:29:13Z",
          "conclusion": "success",
          "name": "Post Run docker/setup-buildx-action@8d2750c68a42422c14e847fe6c8ac0403b4cbd6f",
          "number": 11,
          "startedAt": "2026-08-27T19:29:07Z",
          "status": "completed"
        },
        {
          "completedAt": "2026-08-27T19:29:13Z",
          "conclusion": "success",
          "name": "Post Run actions/checkout@fbc6f3992d24b796d5a048ff273f7fcc4a7b6c09",
          "number": 12,
          "startedAt": "2026-08-27T19:29:13Z",
          "status": "completed"
        },
        {
          "completedAt": "2026-08-27T19:29:13Z",
          "conclusion": "success",
          "name": "Complete job",
          "number": 13,
          "startedAt": "2026-08-27T19:29:13Z",
          "status": "completed"
        }
      ],
      "url": "https://github.com/sonnynguyen170321-ctrl/CRM-4-Telestar-Final/actions/runs/33108408475/job/98644408517"
    },
    {
      "completedAt": "2026-08-27T19:29:04Z",
      "conclusion": "success",
      "databaseId": 98644408599,
      "name": "CodeQL",
      "startedAt": "2026-08-27T19:26:03Z",
      "status": "completed",
      "steps": [
        {
          "completedAt": "2026-08-27T19:26:04Z",
          "conclusion": "success",
          "name": "Set up job",
          "number": 1,
          "startedAt": "2026-08-27T19:26:04Z",
          "status": "completed"
        },
        {
          "completedAt": "2026-08-27T19:26:06Z",
          "conclusion": "success",
          "name": "Run actions/checkout@fbc6f3992d24b796d5a048ff273f7fcc4a7b6c09",
          "number": 2,
          "startedAt": "2026-08-27T19:26:04Z",
          "status": "completed"
        },
        {
          "completedAt": "2026-08-27T19:26:06Z",
          "conclusion": "success",
          "name": "Can this repository accept code scanning results?",
          "number": 3,
          "startedAt": "2026-08-27T19:26:06Z",
          "status": "completed"
        },
        {
          "completedAt": "2026-08-27T19:26:21Z",
          "conclusion": "success",
          "name": "Run github/codeql-action/init@c4dd10e44af883a891fe31ced449bcb4a6728b9b",
          "number": 4,
          "startedAt": "2026-08-27T19:26:06Z",
          "status": "completed"
        },
        {
          "completedAt": "2026-08-27T19:29:01Z",
          "conclusion": "success",
          "name": "Run github/codeql-action/analyze@c4dd10e44af883a891fe31ced449bcb4a6728b9b",
          "number": 5,
          "startedAt": "2026-08-27T19:26:21Z",
          "status": "completed"
        },
        {
          "completedAt": "2026-08-27T19:29:01Z",
          "conclusion": "skipped",
          "name": "Record CodeQL as BLOCKED_EXTERNAL",
          "number": 6,
          "startedAt": "2026-08-27T19:29:01Z",
          "status": "completed"
        },
        {
          "completedAt": "2026-08-27T19:29:01Z",
          "conclusion": "success",
          "name": "Post Run github/codeql-action/analyze@c4dd10e44af883a891fe31ced449bcb4a6728b9b",
          "number": 10,
          "startedAt": "2026-08-27T19:29:01Z",
          "status": "completed"
        },
        {
          "completedAt": "2026-08-27T19:29:01Z",
          "conclusion": "success",
          "name": "Post Run github/codeql-action/init@c4dd10e44af883a891fe31ced449bcb4a6728b9b",
          "number": 11,
          "startedAt": "2026-08-27T19:29:01Z",
          "status": "completed"
        },
        {
          "completedAt": "2026-08-27T19:29:02Z",
          "conclusion": "success",
          "name": "Post Run actions/checkout@fbc6f3992d24b796d5a048ff273f7fcc4a7b6c09",
          "number": 12,
          "startedAt": "2026-08-27T19:29:01Z",
          "status": "completed"
        },
        {
          "completedAt": "2026-08-27T19:29:02Z",
          "conclusion": "success",
          "name": "Complete job",
          "number": 13,
          "startedAt": "2026-08-27T19:29:02Z",
          "status": "completed"
        }
      ],
      "url": "https://github.com/sonnynguyen170321-ctrl/CRM-4-Telestar-Final/actions/runs/33108408475/job/98644408599"
    },
    {
      "completedAt": "2026-08-27T19:27:11Z",
      "conclusion": "success",
      "databaseId": 98644408606,
      "name": "Migration validation",
      "startedAt": "2026-08-27T19:26:04Z",
      "status": "completed",
      "steps": [
        {
          "completedAt": "2026-08-27T19:26:06Z",
          "conclusion": "success",
          "name": "Set up job",
          "number": 1,
          "startedAt": "2026-08-27T19:26:05Z",
          "status": "completed"
        },
        {
          "completedAt": "2026-08-27T19:26:28Z",
          "conclusion": "success",
          "name": "Initialize containers",
          "number": 2,
          "startedAt": "2026-08-27T19:26:06Z",
          "status": "completed"
        },
        {
          "completedAt": "2026-08-27T19:26:30Z",
          "conclusion": "success",
          "name": "Run actions/checkout@fbc6f3992d24b796d5a048ff273f7fcc4a7b6c09",
          "number": 3,
          "startedAt": "2026-08-27T19:26:28Z",
          "status": "completed"
        },
        {
          "completedAt": "2026-08-27T19:26:39Z",
          "conclusion": "success",
          "name": "Run actions/setup-node@a0853c24544627f65ddf259abe73b1d18a591444",
          "number": 4,
          "startedAt": "2026-08-27T19:26:30Z",
          "status": "completed"
        },
        {
          "completedAt": "2026-08-27T19:26:39Z",
          "conclusion": "success",
          "name": "Verify runtime",
          "number": 5,
          "startedAt": "2026-08-27T19:26:39Z",
          "status": "completed"
        },
        {
          "completedAt": "2026-08-27T19:27:00Z",
          "conclusion": "success",
          "name": "Install dependencies",
          "number": 6,
          "startedAt": "2026-08-27T19:26:39Z",
          "status": "completed"
        },
        {
          "completedAt": "2026-08-27T19:27:01Z",
          "conclusion": "success",
          "name": "Fetch base branch for the migration preflight",
          "number": 7,
          "startedAt": "2026-08-27T19:27:00Z",
          "status": "completed"
        },
        {
          "completedAt": "2026-08-27T19:27:02Z",
          "conclusion": "success",
          "name": "Validate Prisma schema",
          "number": 8,
          "startedAt": "2026-08-27T19:27:01Z",
          "status": "completed"
        },
        {
          "completedAt": "2026-08-27T19:27:02Z",
          "conclusion": "success",
          "name": "Migration order preflight",
          "number": 9,
          "startedAt": "2026-08-27T19:27:02Z",
          "status": "completed"
        },
        {
          "completedAt": "2026-08-27T19:27:02Z",
          "conclusion": "success",
          "name": "Create shadow database",
          "number": 10,
          "startedAt": "2026-08-27T19:27:02Z",
          "status": "completed"
        },
        {
          "completedAt": "2026-08-27T19:27:04Z",
          "conclusion": "success",
          "name": "Replay migrations from empty and fail on schema drift",
          "number": 11,
          "startedAt": "2026-08-27T19:27:02Z",
          "status": "completed"
        },
        {
          "completedAt": "2026-08-27T19:27:07Z",
          "conclusion": "success",
          "name": "Verify PostgreSQL RLS tenant isolation",
          "number": 12,
          "startedAt": "2026-08-27T19:27:04Z",
          "status": "completed"
        },
        {
          "completedAt": "2026-08-27T19:27:07Z",
          "conclusion": "success",
          "name": "Post Run actions/setup-node@a0853c24544627f65ddf259abe73b1d18a591444",
          "number": 22,
          "startedAt": "2026-08-27T19:27:07Z",
          "status": "completed"
        },
        {
          "completedAt": "2026-08-27T19:27:07Z",
          "conclusion": "success",
          "name": "Post Run actions/checkout@fbc6f3992d24b796d5a048ff273f7fcc4a7b6c09",
          "number": 23,
          "startedAt": "2026-08-27T19:27:07Z",
          "status": "completed"
        },
        {
          "completedAt": "2026-08-27T19:27:08Z",
          "conclusion": "success",
          "name": "Stop containers",
          "number": 24,
          "startedAt": "2026-08-27T19:27:07Z",
          "status": "completed"
        },
        {
          "completedAt": "2026-08-27T19:27:08Z",
          "conclusion": "success",
          "name": "Complete job",
          "number": 25,
          "startedAt": "2026-08-27T19:27:08Z",
          "status": "completed"
        }
      ],
      "url": "https://github.com/sonnynguyen170321-ctrl/CRM-4-Telestar-Final/actions/runs/33108408475/job/98644408606"
    },
    {
      "completedAt": "2026-08-27T19:29:22Z",
      "conclusion": "success",
      "databaseId": 98644408613,
      "name": "Lint · types · tests",
      "startedAt": "2026-08-27T19:26:03Z",
      "status": "completed",
      "steps": [
        {
          "completedAt": "2026-08-27T19:26:05Z",
          "conclusion": "success",
          "name": "Set up job",
          "number": 1,
          "startedAt": "2026-08-27T19:26:04Z",
          "status": "completed"
        },
        {
          "completedAt": "2026-08-27T19:26:32Z",
          "conclusion": "success",
          "name": "Initialize containers",
          "number": 2,
          "startedAt": "2026-08-27T19:26:05Z",
          "status": "completed"
        },
        {
          "completedAt": "2026-08-27T19:26:34Z",
          "conclusion": "success",
          "name": "Run actions/checkout@fbc6f3992d24b796d5a048ff273f7fcc4a7b6c09",
          "number": 3,
          "startedAt": "2026-08-27T19:26:32Z",
          "status": "completed"
        },
        {
          "completedAt": "2026-08-27T19:26:40Z",
          "conclusion": "success",
          "name": "Run actions/setup-node@a0853c24544627f65ddf259abe73b1d18a591444",
          "number": 4,
          "startedAt": "2026-08-27T19:26:34Z",
          "status": "completed"
        },
        {
          "completedAt": "2026-08-27T19:26:40Z",
          "conclusion": "success",
          "name": "Verify runtime",
          "number": 5,
          "startedAt": "2026-08-27T19:26:40Z",
          "status": "completed"
        },
        {
          "completedAt": "2026-08-27T19:27:00Z",
          "conclusion": "success",
          "name": "Install dependencies",
          "number": 6,
          "startedAt": "2026-08-27T19:26:40Z",
          "status": "completed"
        },
        {
          "completedAt": "2026-08-27T19:27:03Z",
          "conclusion": "success",
          "name": "Generate Prisma client",
          "number": 7,
          "startedAt": "2026-08-27T19:27:00Z",
          "status": "completed"
        },
        {
          "completedAt": "2026-08-27T19:27:05Z",
          "conclusion": "success",
          "name": "Apply database migrations",
          "number": 8,
          "startedAt": "2026-08-27T19:27:03Z",
          "status": "completed"
        },
        {
          "completedAt": "2026-08-27T19:27:31Z",
          "conclusion": "success",
          "name": "Lint",
          "number": 9,
          "startedAt": "2026-08-27T19:27:05Z",
          "status": "completed"
        },
        {
          "completedAt": "2026-08-27T19:28:02Z",
          "conclusion": "success",
          "name": "Type check",
          "number": 10,
          "startedAt": "2026-08-27T19:27:31Z",
          "status": "completed"
        },
        {
          "completedAt": "2026-08-27T19:28:06Z",
          "conclusion": "success",
          "name": "Production topology validation",
          "number": 11,
          "startedAt": "2026-08-27T19:28:02Z",
          "status": "completed"
        },
        {
          "completedAt": "2026-08-27T19:28:06Z",
          "conclusion": "success",
          "name": "No retired AI model in runtime code",
          "number": 12,
          "startedAt": "2026-08-27T19:28:06Z",
          "status": "completed"
        },
        {
          "completedAt": "2026-08-27T19:28:07Z",
          "conclusion": "success",
          "name": "Seed delete order covers every restricting child",
          "number": 13,
          "startedAt": "2026-08-27T19:28:06Z",
          "status": "completed"
        },
        {
          "completedAt": "2026-08-27T19:28:07Z",
          "conclusion": "success",
          "name": "Project truth (agent control plane)",
          "number": 14,
          "startedAt": "2026-08-27T19:28:07Z",
          "status": "completed"
        },
        {
          "completedAt": "2026-08-27T19:28:07Z",
          "conclusion": "success",
          "name": "Test discipline",
          "number": 15,
          "startedAt": "2026-08-27T19:28:07Z",
          "status": "completed"
        },
        {
          "completedAt": "2026-08-27T19:29:19Z",
          "conclusion": "success",
          "name": "Tests",
          "number": 16,
          "startedAt": "2026-08-27T19:28:07Z",
          "status": "completed"
        },
        {
          "completedAt": "2026-08-27T19:29:19Z",
          "conclusion": "success",
          "name": "No test was skipped",
          "number": 17,
          "startedAt": "2026-08-27T19:29:19Z",
          "status": "completed"
        },
        {
          "completedAt": "2026-08-27T19:29:19Z",
          "conclusion": "skipped",
          "name": "Summarize failure",
          "number": 18,
          "startedAt": "2026-08-27T19:29:19Z",
          "status": "completed"
        },
        {
          "completedAt": "2026-08-27T19:29:19Z",
          "conclusion": "success",
          "name": "Post Run actions/setup-node@a0853c24544627f65ddf259abe73b1d18a591444",
          "number": 34,
          "startedAt": "2026-08-27T19:29:19Z",
          "status": "completed"
        },
        {
          "completedAt": "2026-08-27T19:29:19Z",
          "conclusion": "success",
          "name": "Post Run actions/checkout@fbc6f3992d24b796d5a048ff273f7fcc4a7b6c09",
          "number": 35,
          "startedAt": "2026-08-27T19:29:19Z",
          "status": "completed"
        },
        {
          "completedAt": "2026-08-27T19:29:20Z",
          "conclusion": "success",
          "name": "Stop containers",
          "number": 36,
          "startedAt": "2026-08-27T19:29:19Z",
          "status": "completed"
        },
        {
          "completedAt": "2026-08-27T19:29:20Z",
          "conclusion": "success",
          "name": "Complete job",
          "number": 37,
          "startedAt": "2026-08-27T19:29:20Z",
          "status": "completed"
        }
      ],
      "url": "https://github.com/sonnynguyen170321-ctrl/CRM-4-Telestar-Final/actions/runs/33108408475/job/98644408613"
    },
    {
      "completedAt": "2026-08-27T19:32:13Z",
      "conclusion": "success",
      "databaseId": 98644408616,
      "name": "Build · Playwright",
      "startedAt": "2026-08-27T19:26:03Z",
      "status": "completed",
      "steps": [
        {
          "completedAt": "2026-08-27T19:26:05Z",
          "conclusion": "success",
          "name": "Set up job",
          "number": 1,
          "startedAt": "2026-08-27T19:26:04Z",
          "status": "completed"
        },
        {
          "completedAt": "2026-08-27T19:26:26Z",
          "conclusion": "success",
          "name": "Initialize containers",
          "number": 2,
          "startedAt": "2026-08-27T19:26:05Z",
          "status": "completed"
        },
        {
          "completedAt": "2026-08-27T19:26:28Z",
          "conclusion": "success",
          "name": "Run actions/checkout@fbc6f3992d24b796d5a048ff273f7fcc4a7b6c09",
          "number": 3,
          "startedAt": "2026-08-27T19:26:26Z",
          "status": "completed"
        },
        {
          "completedAt": "2026-08-27T19:26:34Z",
          "conclusion": "success",
          "name": "Run actions/setup-node@a0853c24544627f65ddf259abe73b1d18a591444",
          "number": 4,
          "startedAt": "2026-08-27T19:26:28Z",
          "status": "completed"
        },
        {
          "completedAt": "2026-08-27T19:26:34Z",
          "conclusion": "success",
          "name": "Verify runtime",
          "number": 5,
          "startedAt": "2026-08-27T19:26:34Z",
          "status": "completed"
        },
        {
          "completedAt": "2026-08-27T19:26:51Z",
          "conclusion": "success",
          "name": "Install dependencies",
          "number": 6,
          "startedAt": "2026-08-27T19:26:34Z",
          "status": "completed"
        },
        {
          "completedAt": "2026-08-27T19:26:54Z",
          "conclusion": "success",
          "name": "Generate Prisma client",
          "number": 7,
          "startedAt": "2026-08-27T19:26:51Z",
          "status": "completed"
        },
        {
          "completedAt": "2026-08-27T19:26:56Z",
          "conclusion": "success",
          "name": "Apply database migrations",
          "number": 8,
          "startedAt": "2026-08-27T19:26:54Z",
          "status": "completed"
        },
        {
          "completedAt": "2026-08-27T19:26:56Z",
          "conclusion": "success",
          "name": "Mint a per-run demo password",
          "number": 9,
          "startedAt": "2026-08-27T19:26:56Z",
          "status": "completed"
        },
        {
          "completedAt": "2026-08-27T19:26:57Z",
          "conclusion": "success",
          "name": "Run demo seed",
          "number": 10,
          "startedAt": "2026-08-27T19:26:56Z",
          "status": "completed"
        },
        {
          "completedAt": "2026-08-27T19:26:58Z",
          "conclusion": "success",
          "name": "Build the audit fixture (setup + audit projects)",
          "number": 11,
          "startedAt": "2026-08-27T19:26:57Z",
          "status": "completed"
        },
        {
          "completedAt": "2026-08-27T19:26:59Z",
          "conclusion": "success",
          "name": "Seed the demo tenant (demo project)",
          "number": 12,
          "startedAt": "2026-08-27T19:26:58Z",
          "status": "completed"
        },
        {
          "completedAt": "2026-08-27T19:28:13Z",
          "conclusion": "success",
          "name": "Production build",
          "number": 13,
          "startedAt": "2026-08-27T19:26:59Z",
          "status": "completed"
        },
        {
          "completedAt": "2026-08-27T19:28:37Z",
          "conclusion": "success",
          "name": "Install Playwright browsers",
          "number": 14,
          "startedAt": "2026-08-27T19:28:13Z",
          "status": "completed"
        },
        {
          "completedAt": "2026-08-27T19:28:39Z",
          "conclusion": "success",
          "name": "Start the production server",
          "number": 15,
          "startedAt": "2026-08-27T19:28:37Z",
          "status": "completed"
        },
        {
          "completedAt": "2026-08-27T19:28:43Z",
          "conclusion": "success",
          "name": "Start the background worker (BullMQ)",
          "number": 16,
          "startedAt": "2026-08-27T19:28:39Z",
          "status": "completed"
        },
        {
          "completedAt": "2026-08-27T19:28:44Z",
          "conclusion": "success",
          "name": "Verify import worker consumer readiness",
          "number": 17,
          "startedAt": "2026-08-27T19:28:43Z",
          "status": "completed"
        },
        {
          "completedAt": "2026-08-27T19:32:10Z",
          "conclusion": "success",
          "name": "Playwright",
          "number": 18,
          "startedAt": "2026-08-27T19:28:44Z",
          "status": "completed"
        },
        {
          "completedAt": "2026-08-27T19:32:10Z",
          "conclusion": "skipped",
          "name": "Import chain diagnostic",
          "number": 19,
          "startedAt": "2026-08-27T19:32:10Z",
          "status": "completed"
        },
        {
          "completedAt": "2026-08-27T19:32:10Z",
          "conclusion": "skipped",
          "name": "Summarize failure",
          "number": 20,
          "startedAt": "2026-08-27T19:32:10Z",
          "status": "completed"
        },
        {
          "completedAt": "2026-08-27T19:32:10Z",
          "conclusion": "skipped",
          "name": "Upload Playwright artifacts",
          "number": 21,
          "startedAt": "2026-08-27T19:32:10Z",
          "status": "completed"
        },
        {
          "completedAt": "2026-08-27T19:32:11Z",
          "conclusion": "success",
          "name": "Post Run actions/setup-node@a0853c24544627f65ddf259abe73b1d18a591444",
          "number": 40,
          "startedAt": "2026-08-27T19:32:10Z",
          "status": "completed"
        },
        {
          "completedAt": "2026-08-27T19:32:11Z",
          "conclusion": "success",
          "name": "Post Run actions/checkout@fbc6f3992d24b796d5a048ff273f7fcc4a7b6c09",
          "number": 41,
          "startedAt": "2026-08-27T19:32:11Z",
          "status": "completed"
        },
        {
          "completedAt": "2026-08-27T19:32:11Z",
          "conclusion": "success",
          "name": "Stop containers",
          "number": 42,
          "startedAt": "2026-08-27T19:32:11Z",
          "status": "completed"
        },
        {
          "completedAt": "2026-08-27T19:32:11Z",
          "conclusion": "success",
          "name": "Complete job",
          "number": 43,
          "startedAt": "2026-08-27T19:32:11Z",
          "status": "completed"
        }
      ],
      "url": "https://github.com/sonnynguyen170321-ctrl/CRM-4-Telestar-Final/actions/runs/33108408475/job/98644408616"
    },
    {
      "completedAt": "2026-08-27T19:26:00Z",
      "conclusion": "skipped",
      "databaseId": 98644409620,
      "name": "Dependency review",
      "startedAt": "2026-08-27T19:26:01Z",
      "status": "completed",
      "steps": [],
      "url": "https://github.com/sonnynguyen170321-ctrl/CRM-4-Telestar-Final/actions/runs/33108408475/job/98644409620"
    },
    {
      "completedAt": "2026-08-27T19:32:18Z",
      "conclusion": "success",
      "databaseId": 98646148287,
      "name": "CI required checks",
      "startedAt": "2026-08-27T19:32:16Z",
      "status": "completed",
      "steps": [
        {
          "completedAt": "2026-08-27T19:32:17Z",
          "conclusion": "success",
          "name": "Set up job",
          "number": 1,
          "startedAt": "2026-08-27T19:32:17Z",
          "status": "completed"
        },
        {
          "completedAt": "2026-08-27T19:32:17Z",
          "conclusion": "success",
          "name": "Fail unless every required job produced an acceptable result",
          "number": 2,
          "startedAt": "2026-08-27T19:32:17Z",
          "status": "completed"
        },
        {
          "completedAt": "2026-08-27T19:32:17Z",
          "conclusion": "success",
          "name": "Complete job",
          "number": 3,
          "startedAt": "2026-08-27T19:32:17Z",
          "status": "completed"
        }
      ],
      "url": "https://github.com/sonnynguyen170321-ctrl/CRM-4-Telestar-Final/actions/runs/33108408475/job/98646148287"
    }
  ],
  "status": "completed",
  "updatedAt": "2026-08-27T19:32:19Z",
  "url": "https://github.com/sonnynguyen170321-ctrl/CRM-4-Telestar-Final/actions/runs/33108408475",
  "workflowName": "CI"
}
