# gh run view 32326914380
# capturedAt: 2026-08-20T03:14:55.432Z

{
  "conclusion": "failure",
  "createdAt": "2026-08-20T03:04:24Z",
  "databaseId": 32326914380,
  "headBranch": "release/evidence-locked-certification",
  "headSha": "e68fd04d63d1ae256b7243288d3a4128b3d499f3",
  "jobs": [
    {
      "completedAt": "2026-08-20T03:10:51Z",
      "conclusion": "success",
      "databaseId": 96300051420,
      "name": "Docker build",
      "startedAt": "2026-08-20T03:05:09Z",
      "status": "completed",
      "steps": [
        {
          "completedAt": "2026-08-20T03:05:13Z",
          "conclusion": "success",
          "name": "Set up job",
          "number": 1,
          "startedAt": "2026-08-20T03:05:11Z",
          "status": "completed"
        },
        {
          "completedAt": "2026-08-20T03:05:14Z",
          "conclusion": "success",
          "name": "Run actions/checkout@fbc6f3992d24b796d5a048ff273f7fcc4a7b6c09",
          "number": 2,
          "startedAt": "2026-08-20T03:05:13Z",
          "status": "completed"
        },
        {
          "completedAt": "2026-08-20T03:05:25Z",
          "conclusion": "success",
          "name": "Run docker/setup-buildx-action@8d2750c68a42422c14e847fe6c8ac0403b4cbd6f",
          "number": 3,
          "startedAt": "2026-08-20T03:05:14Z",
          "status": "completed"
        },
        {
          "completedAt": "2026-08-20T03:10:36Z",
          "conclusion": "success",
          "name": "Build image",
          "number": 4,
          "startedAt": "2026-08-20T03:05:25Z",
          "status": "completed"
        },
        {
          "completedAt": "2026-08-20T03:10:39Z",
          "conclusion": "success",
          "name": "Operational scripts must run in the production image",
          "number": 5,
          "startedAt": "2026-08-20T03:10:36Z",
          "status": "completed"
        },
        {
          "completedAt": "2026-08-20T03:10:39Z",
          "conclusion": "skipped",
          "name": "Summarize Docker build failure",
          "number": 6,
          "startedAt": "2026-08-20T03:10:39Z",
          "status": "completed"
        },
        {
          "completedAt": "2026-08-20T03:10:48Z",
          "conclusion": "success",
          "name": "Post Run docker/setup-buildx-action@8d2750c68a42422c14e847fe6c8ac0403b4cbd6f",
          "number": 11,
          "startedAt": "2026-08-20T03:10:39Z",
          "status": "completed"
        },
        {
          "completedAt": "2026-08-20T03:10:48Z",
          "conclusion": "success",
          "name": "Post Run actions/checkout@fbc6f3992d24b796d5a048ff273f7fcc4a7b6c09",
          "number": 12,
          "startedAt": "2026-08-20T03:10:48Z",
          "status": "completed"
        },
        {
          "completedAt": "2026-08-20T03:10:48Z",
          "conclusion": "success",
          "name": "Complete job",
          "number": 13,
          "startedAt": "2026-08-20T03:10:48Z",
          "status": "completed"
        }
      ],
      "url": "https://github.com/sonnynguyen170321-ctrl/CRM-4-Telestar-Final/actions/runs/32326914380/job/96300051420"
    },
    {
      "completedAt": "2026-08-20T03:05:14Z",
      "conclusion": "failure",
      "databaseId": 96300051473,
      "name": "Dependency review",
      "startedAt": "2026-08-20T03:05:08Z",
      "status": "completed",
      "steps": [
        {
          "completedAt": "2026-08-20T03:05:10Z",
          "conclusion": "success",
          "name": "Set up job",
          "number": 1,
          "startedAt": "2026-08-20T03:05:09Z",
          "status": "completed"
        },
        {
          "completedAt": "2026-08-20T03:05:11Z",
          "conclusion": "success",
          "name": "Run actions/checkout@fbc6f3992d24b796d5a048ff273f7fcc4a7b6c09",
          "number": 2,
          "startedAt": "2026-08-20T03:05:10Z",
          "status": "completed"
        },
        {
          "completedAt": "2026-08-20T03:05:12Z",
          "conclusion": "failure",
          "name": "Run actions/dependency-review-action@2031cfc080254a8a887f58cffee85186f0e49e48",
          "number": 3,
          "startedAt": "2026-08-20T03:05:11Z",
          "status": "completed"
        },
        {
          "completedAt": "2026-08-20T03:05:12Z",
          "conclusion": "success",
          "name": "Post Run actions/checkout@fbc6f3992d24b796d5a048ff273f7fcc4a7b6c09",
          "number": 6,
          "startedAt": "2026-08-20T03:05:12Z",
          "status": "completed"
        },
        {
          "completedAt": "2026-08-20T03:05:12Z",
          "conclusion": "success",
          "name": "Complete job",
          "number": 7,
          "startedAt": "2026-08-20T03:05:12Z",
          "status": "completed"
        }
      ],
      "url": "https://github.com/sonnynguyen170321-ctrl/CRM-4-Telestar-Final/actions/runs/32326914380/job/96300051473"
    },
    {
      "completedAt": "2026-08-20T03:10:17Z",
      "conclusion": "success",
      "databaseId": 96300051485,
      "name": "Lint · types · tests",
      "startedAt": "2026-08-20T03:05:09Z",
      "status": "completed",
      "steps": [
        {
          "completedAt": "2026-08-20T03:05:11Z",
          "conclusion": "success",
          "name": "Set up job",
          "number": 1,
          "startedAt": "2026-08-20T03:05:10Z",
          "status": "completed"
        },
        {
          "completedAt": "2026-08-20T03:05:41Z",
          "conclusion": "success",
          "name": "Initialize containers",
          "number": 2,
          "startedAt": "2026-08-20T03:05:11Z",
          "status": "completed"
        },
        {
          "completedAt": "2026-08-20T03:05:42Z",
          "conclusion": "success",
          "name": "Run actions/checkout@fbc6f3992d24b796d5a048ff273f7fcc4a7b6c09",
          "number": 3,
          "startedAt": "2026-08-20T03:05:41Z",
          "status": "completed"
        },
        {
          "completedAt": "2026-08-20T03:05:52Z",
          "conclusion": "success",
          "name": "Run actions/setup-node@a0853c24544627f65ddf259abe73b1d18a591444",
          "number": 4,
          "startedAt": "2026-08-20T03:05:42Z",
          "status": "completed"
        },
        {
          "completedAt": "2026-08-20T03:05:52Z",
          "conclusion": "success",
          "name": "Verify runtime",
          "number": 5,
          "startedAt": "2026-08-20T03:05:52Z",
          "status": "completed"
        },
        {
          "completedAt": "2026-08-20T03:06:15Z",
          "conclusion": "success",
          "name": "Install dependencies",
          "number": 6,
          "startedAt": "2026-08-20T03:05:52Z",
          "status": "completed"
        },
        {
          "completedAt": "2026-08-20T03:06:19Z",
          "conclusion": "success",
          "name": "Generate Prisma client",
          "number": 7,
          "startedAt": "2026-08-20T03:06:15Z",
          "status": "completed"
        },
        {
          "completedAt": "2026-08-20T03:06:21Z",
          "conclusion": "success",
          "name": "Apply database migrations",
          "number": 8,
          "startedAt": "2026-08-20T03:06:19Z",
          "status": "completed"
        },
        {
          "completedAt": "2026-08-20T03:06:54Z",
          "conclusion": "success",
          "name": "Lint",
          "number": 9,
          "startedAt": "2026-08-20T03:06:21Z",
          "status": "completed"
        },
        {
          "completedAt": "2026-08-20T03:07:32Z",
          "conclusion": "success",
          "name": "Type check",
          "number": 10,
          "startedAt": "2026-08-20T03:06:54Z",
          "status": "completed"
        },
        {
          "completedAt": "2026-08-20T03:07:35Z",
          "conclusion": "success",
          "name": "Production topology validation",
          "number": 11,
          "startedAt": "2026-08-20T03:07:32Z",
          "status": "completed"
        },
        {
          "completedAt": "2026-08-20T03:07:35Z",
          "conclusion": "success",
          "name": "Test discipline",
          "number": 12,
          "startedAt": "2026-08-20T03:07:35Z",
          "status": "completed"
        },
        {
          "completedAt": "2026-08-20T03:10:12Z",
          "conclusion": "success",
          "name": "Tests",
          "number": 13,
          "startedAt": "2026-08-20T03:07:35Z",
          "status": "completed"
        },
        {
          "completedAt": "2026-08-20T03:10:13Z",
          "conclusion": "success",
          "name": "No test was skipped",
          "number": 14,
          "startedAt": "2026-08-20T03:10:12Z",
          "status": "completed"
        },
        {
          "completedAt": "2026-08-20T03:10:13Z",
          "conclusion": "skipped",
          "name": "Summarize failure",
          "number": 15,
          "startedAt": "2026-08-20T03:10:13Z",
          "status": "completed"
        },
        {
          "completedAt": "2026-08-20T03:10:13Z",
          "conclusion": "success",
          "name": "Post Run actions/setup-node@a0853c24544627f65ddf259abe73b1d18a591444",
          "number": 28,
          "startedAt": "2026-08-20T03:10:13Z",
          "status": "completed"
        },
        {
          "completedAt": "2026-08-20T03:10:13Z",
          "conclusion": "success",
          "name": "Post Run actions/checkout@fbc6f3992d24b796d5a048ff273f7fcc4a7b6c09",
          "number": 29,
          "startedAt": "2026-08-20T03:10:13Z",
          "status": "completed"
        },
        {
          "completedAt": "2026-08-20T03:10:14Z",
          "conclusion": "success",
          "name": "Stop containers",
          "number": 30,
          "startedAt": "2026-08-20T03:10:13Z",
          "status": "completed"
        },
        {
          "completedAt": "2026-08-20T03:10:14Z",
          "conclusion": "success",
          "name": "Complete job",
          "number": 31,
          "startedAt": "2026-08-20T03:10:14Z",
          "status": "completed"
        }
      ],
      "url": "https://github.com/sonnynguyen170321-ctrl/CRM-4-Telestar-Final/actions/runs/32326914380/job/96300051485"
    },
    {
      "completedAt": "2026-08-20T03:06:17Z",
      "conclusion": "success",
      "databaseId": 96300051541,
      "name": "Migration validation",
      "startedAt": "2026-08-20T03:05:08Z",
      "status": "completed",
      "steps": [
        {
          "completedAt": "2026-08-20T03:05:10Z",
          "conclusion": "success",
          "name": "Set up job",
          "number": 1,
          "startedAt": "2026-08-20T03:05:09Z",
          "status": "completed"
        },
        {
          "completedAt": "2026-08-20T03:05:34Z",
          "conclusion": "success",
          "name": "Initialize containers",
          "number": 2,
          "startedAt": "2026-08-20T03:05:10Z",
          "status": "completed"
        },
        {
          "completedAt": "2026-08-20T03:05:36Z",
          "conclusion": "success",
          "name": "Run actions/checkout@fbc6f3992d24b796d5a048ff273f7fcc4a7b6c09",
          "number": 3,
          "startedAt": "2026-08-20T03:05:34Z",
          "status": "completed"
        },
        {
          "completedAt": "2026-08-20T03:05:43Z",
          "conclusion": "success",
          "name": "Run actions/setup-node@a0853c24544627f65ddf259abe73b1d18a591444",
          "number": 4,
          "startedAt": "2026-08-20T03:05:36Z",
          "status": "completed"
        },
        {
          "completedAt": "2026-08-20T03:05:43Z",
          "conclusion": "success",
          "name": "Verify runtime",
          "number": 5,
          "startedAt": "2026-08-20T03:05:43Z",
          "status": "completed"
        },
        {
          "completedAt": "2026-08-20T03:06:06Z",
          "conclusion": "success",
          "name": "Install dependencies",
          "number": 6,
          "startedAt": "2026-08-20T03:05:43Z",
          "status": "completed"
        },
        {
          "completedAt": "2026-08-20T03:06:07Z",
          "conclusion": "success",
          "name": "Fetch base branch for the migration preflight",
          "number": 7,
          "startedAt": "2026-08-20T03:06:06Z",
          "status": "completed"
        },
        {
          "completedAt": "2026-08-20T03:06:08Z",
          "conclusion": "success",
          "name": "Validate Prisma schema",
          "number": 8,
          "startedAt": "2026-08-20T03:06:07Z",
          "status": "completed"
        },
        {
          "completedAt": "2026-08-20T03:06:08Z",
          "conclusion": "success",
          "name": "Migration order preflight",
          "number": 9,
          "startedAt": "2026-08-20T03:06:08Z",
          "status": "completed"
        },
        {
          "completedAt": "2026-08-20T03:06:08Z",
          "conclusion": "success",
          "name": "Create shadow database",
          "number": 10,
          "startedAt": "2026-08-20T03:06:08Z",
          "status": "completed"
        },
        {
          "completedAt": "2026-08-20T03:06:10Z",
          "conclusion": "success",
          "name": "Replay migrations from empty and fail on schema drift",
          "number": 11,
          "startedAt": "2026-08-20T03:06:08Z",
          "status": "completed"
        },
        {
          "completedAt": "2026-08-20T03:06:14Z",
          "conclusion": "success",
          "name": "Verify PostgreSQL RLS tenant isolation",
          "number": 12,
          "startedAt": "2026-08-20T03:06:10Z",
          "status": "completed"
        },
        {
          "completedAt": "2026-08-20T03:06:14Z",
          "conclusion": "success",
          "name": "Post Run actions/setup-node@a0853c24544627f65ddf259abe73b1d18a591444",
          "number": 22,
          "startedAt": "2026-08-20T03:06:14Z",
          "status": "completed"
        },
        {
          "completedAt": "2026-08-20T03:06:14Z",
          "conclusion": "success",
          "name": "Post Run actions/checkout@fbc6f3992d24b796d5a048ff273f7fcc4a7b6c09",
          "number": 23,
          "startedAt": "2026-08-20T03:06:14Z",
          "status": "completed"
        },
        {
          "completedAt": "2026-08-20T03:06:15Z",
          "conclusion": "success",
          "name": "Stop containers",
          "number": 24,
          "startedAt": "2026-08-20T03:06:14Z",
          "status": "completed"
        },
        {
          "completedAt": "2026-08-20T03:06:15Z",
          "conclusion": "success",
          "name": "Complete job",
          "number": 25,
          "startedAt": "2026-08-20T03:06:15Z",
          "status": "completed"
        }
      ],
      "url": "https://github.com/sonnynguyen170321-ctrl/CRM-4-Telestar-Final/actions/runs/32326914380/job/96300051541"
    },
    {
      "completedAt": "2026-08-20T03:13:22Z",
      "conclusion": "success",
      "databaseId": 96300051597,
      "name": "Build · Playwright",
      "startedAt": "2026-08-20T03:05:08Z",
      "status": "completed",
      "steps": [
        {
          "completedAt": "2026-08-20T03:05:10Z",
          "conclusion": "success",
          "name": "Set up job",
          "number": 1,
          "startedAt": "2026-08-20T03:05:09Z",
          "status": "completed"
        },
        {
          "completedAt": "2026-08-20T03:05:38Z",
          "conclusion": "success",
          "name": "Initialize containers",
          "number": 2,
          "startedAt": "2026-08-20T03:05:10Z",
          "status": "completed"
        },
        {
          "completedAt": "2026-08-20T03:05:40Z",
          "conclusion": "success",
          "name": "Run actions/checkout@fbc6f3992d24b796d5a048ff273f7fcc4a7b6c09",
          "number": 3,
          "startedAt": "2026-08-20T03:05:38Z",
          "status": "completed"
        },
        {
          "completedAt": "2026-08-20T03:05:47Z",
          "conclusion": "success",
          "name": "Run actions/setup-node@a0853c24544627f65ddf259abe73b1d18a591444",
          "number": 4,
          "startedAt": "2026-08-20T03:05:40Z",
          "status": "completed"
        },
        {
          "completedAt": "2026-08-20T03:05:47Z",
          "conclusion": "success",
          "name": "Verify runtime",
          "number": 5,
          "startedAt": "2026-08-20T03:05:47Z",
          "status": "completed"
        },
        {
          "completedAt": "2026-08-20T03:06:12Z",
          "conclusion": "success",
          "name": "Install dependencies",
          "number": 6,
          "startedAt": "2026-08-20T03:05:47Z",
          "status": "completed"
        },
        {
          "completedAt": "2026-08-20T03:06:15Z",
          "conclusion": "success",
          "name": "Generate Prisma client",
          "number": 7,
          "startedAt": "2026-08-20T03:06:12Z",
          "status": "completed"
        },
        {
          "completedAt": "2026-08-20T03:06:17Z",
          "conclusion": "success",
          "name": "Apply database migrations",
          "number": 8,
          "startedAt": "2026-08-20T03:06:15Z",
          "status": "completed"
        },
        {
          "completedAt": "2026-08-20T03:06:17Z",
          "conclusion": "success",
          "name": "Mint a per-run demo password",
          "number": 9,
          "startedAt": "2026-08-20T03:06:17Z",
          "status": "completed"
        },
        {
          "completedAt": "2026-08-20T03:06:19Z",
          "conclusion": "success",
          "name": "Run demo seed",
          "number": 10,
          "startedAt": "2026-08-20T03:06:17Z",
          "status": "completed"
        },
        {
          "completedAt": "2026-08-20T03:06:20Z",
          "conclusion": "success",
          "name": "Build the audit fixture (setup + audit projects)",
          "number": 11,
          "startedAt": "2026-08-20T03:06:19Z",
          "status": "completed"
        },
        {
          "completedAt": "2026-08-20T03:06:21Z",
          "conclusion": "success",
          "name": "Seed the demo tenant (demo project)",
          "number": 12,
          "startedAt": "2026-08-20T03:06:20Z",
          "status": "completed"
        },
        {
          "completedAt": "2026-08-20T03:07:54Z",
          "conclusion": "success",
          "name": "Production build",
          "number": 13,
          "startedAt": "2026-08-20T03:06:21Z",
          "status": "completed"
        },
        {
          "completedAt": "2026-08-20T03:08:19Z",
          "conclusion": "success",
          "name": "Install Playwright browsers",
          "number": 14,
          "startedAt": "2026-08-20T03:07:54Z",
          "status": "completed"
        },
        {
          "completedAt": "2026-08-20T03:08:21Z",
          "conclusion": "success",
          "name": "Start the production server",
          "number": 15,
          "startedAt": "2026-08-20T03:08:19Z",
          "status": "completed"
        },
        {
          "completedAt": "2026-08-20T03:08:25Z",
          "conclusion": "success",
          "name": "Start the background worker (BullMQ)",
          "number": 16,
          "startedAt": "2026-08-20T03:08:21Z",
          "status": "completed"
        },
        {
          "completedAt": "2026-08-20T03:08:27Z",
          "conclusion": "success",
          "name": "Verify import worker consumer readiness",
          "number": 17,
          "startedAt": "2026-08-20T03:08:25Z",
          "status": "completed"
        },
        {
          "completedAt": "2026-08-20T03:13:20Z",
          "conclusion": "success",
          "name": "Playwright",
          "number": 18,
          "startedAt": "2026-08-20T03:08:27Z",
          "status": "completed"
        },
        {
          "completedAt": "2026-08-20T03:13:20Z",
          "conclusion": "skipped",
          "name": "Import chain diagnostic",
          "number": 19,
          "startedAt": "2026-08-20T03:13:20Z",
          "status": "completed"
        },
        {
          "completedAt": "2026-08-20T03:13:20Z",
          "conclusion": "skipped",
          "name": "Summarize failure",
          "number": 20,
          "startedAt": "2026-08-20T03:13:20Z",
          "status": "completed"
        },
        {
          "completedAt": "2026-08-20T03:13:20Z",
          "conclusion": "skipped",
          "name": "Upload Playwright artifacts",
          "number": 21,
          "startedAt": "2026-08-20T03:13:20Z",
          "status": "completed"
        },
        {
          "completedAt": "2026-08-20T03:13:20Z",
          "conclusion": "success",
          "name": "Post Run actions/setup-node@a0853c24544627f65ddf259abe73b1d18a591444",
          "number": 40,
          "startedAt": "2026-08-20T03:13:20Z",
          "status": "completed"
        },
        {
          "completedAt": "2026-08-20T03:13:20Z",
          "conclusion": "success",
          "name": "Post Run actions/checkout@fbc6f3992d24b796d5a048ff273f7fcc4a7b6c09",
          "number": 41,
          "startedAt": "2026-08-20T03:13:20Z",
          "status": "completed"
        },
        {
          "completedAt": "2026-08-20T03:13:21Z",
          "conclusion": "success",
          "name": "Stop containers",
          "number": 42,
          "startedAt": "2026-08-20T03:13:20Z",
          "status": "completed"
        },
        {
          "completedAt": "2026-08-20T03:13:21Z",
          "conclusion": "success",
          "name": "Complete job",
          "number": 43,
          "startedAt": "2026-08-20T03:13:21Z",
          "status": "completed"
        }
      ],
      "url": "https://github.com/sonnynguyen170321-ctrl/CRM-4-Telestar-Final/actions/runs/32326914380/job/96300051597"
    },
    {
      "completedAt": "2026-08-20T03:05:23Z",
      "conclusion": "success",
      "databaseId": 96300051673,
      "name": "Secret scan",
      "startedAt": "2026-08-20T03:05:09Z",
      "status": "completed",
      "steps": [
        {
          "completedAt": "2026-08-20T03:05:11Z",
          "conclusion": "success",
          "name": "Set up job",
          "number": 1,
          "startedAt": "2026-08-20T03:05:10Z",
          "status": "completed"
        },
        {
          "completedAt": "2026-08-20T03:05:13Z",
          "conclusion": "success",
          "name": "Run actions/checkout@fbc6f3992d24b796d5a048ff273f7fcc4a7b6c09",
          "number": 2,
          "startedAt": "2026-08-20T03:05:11Z",
          "status": "completed"
        },
        {
          "completedAt": "2026-08-20T03:05:22Z",
          "conclusion": "success",
          "name": "gitleaks",
          "number": 3,
          "startedAt": "2026-08-20T03:05:13Z",
          "status": "completed"
        },
        {
          "completedAt": "2026-08-20T03:05:22Z",
          "conclusion": "skipped",
          "name": "Summarize gitleaks findings",
          "number": 4,
          "startedAt": "2026-08-20T03:05:22Z",
          "status": "completed"
        },
        {
          "completedAt": "2026-08-20T03:05:22Z",
          "conclusion": "skipped",
          "name": "Upload gitleaks report",
          "number": 5,
          "startedAt": "2026-08-20T03:05:22Z",
          "status": "completed"
        },
        {
          "completedAt": "2026-08-20T03:05:22Z",
          "conclusion": "success",
          "name": "Post Run actions/checkout@fbc6f3992d24b796d5a048ff273f7fcc4a7b6c09",
          "number": 10,
          "startedAt": "2026-08-20T03:05:22Z",
          "status": "completed"
        },
        {
          "completedAt": "2026-08-20T03:05:22Z",
          "conclusion": "success",
          "name": "Complete job",
          "number": 11,
          "startedAt": "2026-08-20T03:05:22Z",
          "status": "completed"
        }
      ],
      "url": "https://github.com/sonnynguyen170321-ctrl/CRM-4-Telestar-Final/actions/runs/32326914380/job/96300051673"
    },
    {
      "completedAt": "2026-08-20T03:09:40Z",
      "conclusion": "failure",
      "databaseId": 96300051926,
      "name": "CodeQL",
      "startedAt": "2026-08-20T03:05:09Z",
      "status": "completed",
      "steps": [
        {
          "completedAt": "2026-08-20T03:05:12Z",
          "conclusion": "success",
          "name": "Set up job",
          "number": 1,
          "startedAt": "2026-08-20T03:05:09Z",
          "status": "completed"
        },
        {
          "completedAt": "2026-08-20T03:05:13Z",
          "conclusion": "success",
          "name": "Run actions/checkout@fbc6f3992d24b796d5a048ff273f7fcc4a7b6c09",
          "number": 2,
          "startedAt": "2026-08-20T03:05:12Z",
          "status": "completed"
        },
        {
          "completedAt": "2026-08-20T03:06:25Z",
          "conclusion": "success",
          "name": "Run github/codeql-action/init@c4dd10e44af883a891fe31ced449bcb4a6728b9b",
          "number": 3,
          "startedAt": "2026-08-20T03:05:13Z",
          "status": "completed"
        },
        {
          "completedAt": "2026-08-20T03:09:08Z",
          "conclusion": "failure",
          "name": "Run github/codeql-action/analyze@c4dd10e44af883a891fe31ced449bcb4a6728b9b",
          "number": 4,
          "startedAt": "2026-08-20T03:06:25Z",
          "status": "completed"
        },
        {
          "completedAt": "2026-08-20T03:09:09Z",
          "conclusion": "success",
          "name": "Post Run github/codeql-action/analyze@c4dd10e44af883a891fe31ced449bcb4a6728b9b",
          "number": 6,
          "startedAt": "2026-08-20T03:09:08Z",
          "status": "completed"
        },
        {
          "completedAt": "2026-08-20T03:09:38Z",
          "conclusion": "success",
          "name": "Post Run github/codeql-action/init@c4dd10e44af883a891fe31ced449bcb4a6728b9b",
          "number": 7,
          "startedAt": "2026-08-20T03:09:09Z",
          "status": "completed"
        },
        {
          "completedAt": "2026-08-20T03:09:38Z",
          "conclusion": "success",
          "name": "Post Run actions/checkout@fbc6f3992d24b796d5a048ff273f7fcc4a7b6c09",
          "number": 8,
          "startedAt": "2026-08-20T03:09:38Z",
          "status": "completed"
        },
        {
          "completedAt": "2026-08-20T03:09:38Z",
          "conclusion": "success",
          "name": "Complete job",
          "number": 9,
          "startedAt": "2026-08-20T03:09:38Z",
          "status": "completed"
        }
      ],
      "url": "https://github.com/sonnynguyen170321-ctrl/CRM-4-Telestar-Final/actions/runs/32326914380/job/96300051926"
    },
    {
      "completedAt": "2026-08-20T03:13:30Z",
      "conclusion": "failure",
      "databaseId": 96301488785,
      "name": "CI required checks",
      "startedAt": "2026-08-20T03:13:26Z",
      "status": "completed",
      "steps": [
        {
          "completedAt": "2026-08-20T03:13:27Z",
          "conclusion": "success",
          "name": "Set up job",
          "number": 1,
          "startedAt": "2026-08-20T03:13:27Z",
          "status": "completed"
        },
        {
          "completedAt": "2026-08-20T03:13:28Z",
          "conclusion": "failure",
          "name": "Fail unless every required job produced an acceptable result",
          "number": 2,
          "startedAt": "2026-08-20T03:13:27Z",
          "status": "completed"
        },
        {
          "completedAt": "2026-08-20T03:13:28Z",
          "conclusion": "success",
          "name": "Complete job",
          "number": 3,
          "startedAt": "2026-08-20T03:13:28Z",
          "status": "completed"
        }
      ],
      "url": "https://github.com/sonnynguyen170321-ctrl/CRM-4-Telestar-Final/actions/runs/32326914380/job/96301488785"
    }
  ],
  "status": "completed",
  "updatedAt": "2026-08-20T03:13:31Z",
  "url": "https://github.com/sonnynguyen170321-ctrl/CRM-4-Telestar-Final/actions/runs/32326914380",
  "workflowName": "CI"
}
