# verify-db-integrity.ts negative control
# startedAt: 2026-08-27T20:44:36.989Z
# finishedAt: 2026-08-27T20:45:00.613Z
# cases: [
  {
    "name": "empty-database",
    "expected": "FAIL",
    "detected": true,
    "exitCode": 1
  },
  {
    "name": "migrated-database-baseline",
    "expected": "PASS",
    "detected": true,
    "exitCode": 0
  },
  {
    "name": "orphaned-foreign-key",
    "expected": "FAIL",
    "detected": true,
    "exitCode": 1
  },
  {
    "name": "rls-blinded-verifier",
    "expected": "FAIL",
    "detected": true,
    "exitCode": 1
  },
  {
    "name": "dropped-table",
    "expected": "FAIL",
    "detected": true,
    "exitCode": 1
  }
]

### case 1
exit 1; detected=true
database integrity verification — telestar_dr_negative_fixture
========================================================================
[FAIL   ] Every datamodel model has a table
          0/68 declared tables present
          - missing table "User"
          - missing table "Client"
          - missing table "Campaign"
          - missing table "CampaignSdr"
          - missing table "Account"
          - missing table "Contact"
          - missing table "ContactIntelligence"
          - missing table "ContactEvidence"
          - missing table "Lead"
          - missing table "Sequence"
          ... 58 more
[FAIL   ] Verification executed to completion
          
Invalid `prisma.$queryRawUnsafe()` invocation:


Raw query failed. Code: `42P01`. Message: `relation "_prisma_migrations" does not exist`
          - 
Invalid `prisma.$queryRawUnsafe()` invocation:


Raw query failed. Code: `42P01`. Message: `relation "_prisma_migrations" does not exist`
------------------------------------------------------------------------
representative counts:
========================================================================
RESULT: FAIL


### baseline
migrated fixture verifies clean: exit 0

### case 2
exit 1; detected=true
database integrity verification — telestar_dr_negative_fixture
========================================================================
[PASS   ] Every datamodel model has a table
          68/68 declared tables present
[PASS   ] Migration ledger is complete and fully applied
          54/54 migrations applied successfully
[FAIL   ] No foreign key points at a missing row
          66 single-column foreign keys checked
          - Client.tenantId has 1 row(s) with no matching Tenant.id (Client_tenantId_fkey)
[PASS   ] No tenant-owned row has a null tenantId
          67 tenant-owned tables checked
[SKIPPED] Row-level security configuration
          0/67 tenant-owned tables have RLS enabled - pass --require-rls to fail on this (RLS is applied from supabase/rls.sql, not by migrations)
[SKIPPED] Representative record counts
          no --expect-counts snapshot supplied; counts recorded but not reconciled
------------------------------------------------------------------------
representative counts:
  Tenant               0
  User                 0
  Client               1
  Campaign             0
  Account              0
  Contact              0
  Lead                 0
  Task                 0
  Activity             0
  Sequence             0
  SequenceEnrollment   0
  OutboundMessage      0
  ImportBatch          0
========================================================================
RESULT: FAIL


### case 4
exit 1; detected=true
C:\Users\admin\Desktop\Sonny & AI\CRM-4-Telestar-Final\lib\db\adminClient.mjs:77
    throw new Error(
          ^

Error: createAdminClient: DB_RLS_ENFORCED=true but CRM_MAINTENANCE_URL is not set. The policies in supabase/rls.sql are role-targeted, so app.bypass_rls grants the application role nothing — this client would read zero rows and report a clean, empty, wrong answer. Set CRM_MAINTENANCE_URL to the crm_maintenance DSN.
    at assertRlsContract (C:\Users\admin\Desktop\Sonny & AI\CRM-4-Telestar-Final\lib\db\adminClient.mjs:77:11)
    at createAdminClient (C:\Users\admin\Desktop\Sonny & AI\CRM-4-Telestar-Final\lib\db\adminClient.mjs:151:3)
    at main (C:\Users\admin\Desktop\Sonny & AI\CRM-4-Telestar-Final\scripts\verify-db-integrity.ts:385:14)
    at path (C:\Users\admin\Desktop\Sonny & AI\CRM-4-Telestar-Final\scripts\verify-db-integrity.ts:445:6)
    at Object.<anonymous> (C:\Users\admin\Desktop\Sonny & AI\CRM-4-Telestar-Final\scripts\verify-db-integrity.ts:445:11)
    at Module._compile (node:internal/modules/cjs/loader:1854:14)
    at Object.transformer (C:\Users\admin\Desktop\Sonny & AI\CRM-4-Telestar-Final\node_modules\tsx\dist\register-C557imBs.cjs:9:3619)
    at Module.load (node:internal/modules/cjs/loader:1577:32)
    at Module._load (node:internal/modules/cjs/loader:1379:12)
    at wrapModuleLoad (node:internal/modules/cjs/loader:255:19)

Node.js v24.16.0


### case 3
exit 1; detected=true
database integrity verification — telestar_dr_negative_fixture
========================================================================
[FAIL   ] Every datamodel model has a table
          67/68 declared tables present
          - missing table "Activity"
[PASS   ] Migration ledger is complete and fully applied
          54/54 migrations applied successfully
[PASS   ] No foreign key points at a missing row
          65 single-column foreign keys checked
[PASS   ] No tenant-owned row has a null tenantId
          66 tenant-owned tables checked
[SKIPPED] Row-level security configuration
          0/66 tenant-owned tables have RLS enabled - pass --require-rls to fail on this (RLS is applied from supabase/rls.sql, not by migrations)
[SKIPPED] Representative record counts
          no --expect-counts snapshot supplied; counts recorded but not reconciled
------------------------------------------------------------------------
representative counts:
  Tenant               0
  User                 0
  Client               0
  Campaign             0
  Account              0
  Contact              0
  Lead                 0
  Task                 0
  Sequence             0
  SequenceEnrollment   0
  OutboundMessage      0
  ImportBatch          0
========================================================================
RESULT: FAIL
