# pre-backup source integrity
# command: C:\Program Files\nodejs\node.exe node_modules/tsx/dist/cli.mjs scripts/verify-db-integrity.ts --json
# startedAt: 2026-08-25T19:53:41.159Z
# finishedAt: 2026-08-25T19:53:42.851Z
# exitCode: 0

--- stdout ---
{
  "startedAt": "2026-08-25T19:53:41.654Z",
  "finishedAt": "2026-08-25T19:53:42.826Z",
  "database": "telestar_crm",
  "status": "PASS",
  "checks": [
    {
      "key": "tables",
      "title": "Every datamodel model has a table",
      "status": "PASS",
      "detail": "68/68 declared tables present",
      "findings": []
    },
    {
      "key": "migrations",
      "title": "Migration ledger is complete and fully applied",
      "status": "PASS",
      "detail": "52/52 migrations applied successfully",
      "findings": []
    },
    {
      "key": "foreign-keys",
      "title": "No foreign key points at a missing row",
      "status": "PASS",
      "detail": "213 single-column foreign keys checked",
      "findings": []
    },
    {
      "key": "tenant-ownership",
      "title": "No tenant-owned row has a null tenantId",
      "status": "PASS",
      "detail": "66 tenant-owned tables checked",
      "findings": []
    },
    {
      "key": "rls",
      "title": "Row-level security configuration",
      "status": "SKIPPED",
      "detail": "0/66 tenant-owned tables have RLS enabled - pass --require-rls to fail on this (RLS is applied from supabase/rls.sql, not by migrations)",
      "findings": []
    },
    {
      "key": "counts",
      "title": "Representative record counts",
      "status": "SKIPPED",
      "detail": "no --expect-counts snapshot supplied; counts recorded but not reconciled",
      "findings": []
    }
  ],
  "counts": {
    "Tenant": 40,
    "User": 51,
    "Client": 42,
    "Campaign": 43,
    "Account": 25,
    "Contact": 1005,
    "Lead": 1042,
    "Task": 3,
    "Activity": 1007,
    "Sequence": 10,
    "SequenceEnrollment": 9,
    "OutboundMessage": 1,
    "ImportBatch": 6
  }
}

--- stderr ---
(empty)
