# phase: restore-candidate (restore)
# target digest: ghcr.io/sonnynguyen170321-ctrl/crm-4-telestar-final@sha256:6cd77511e157b14528ddd05dd4aea2b5464d9243b64709a94e80ddea2d039136
# rollback.sh exit: 1
# durationMs: 3787

--- rollback.sh stdout ---

--- rollback.sh stderr ---
Warning: Permanently added '[localhost]:2223' (ED25519) to the list of known hosts.
sudo: ./scripts/rollback.sh: command not found

--- observed ---
{
  "name": "restore-candidate",
  "label": "restore",
  "webDigest": "ghcr.io/sonnynguyen170321-ctrl/crm-4-telestar-final@sha256:6cd77511e157b14528ddd05dd4aea2b5464d9243b64709a94e80ddea2d039136",
  "workerDigest": "ghcr.io/sonnynguyen170321-ctrl/crm-4-telestar-final@sha256:6cd77511e157b14528ddd05dd4aea2b5464d9243b64709a94e80ddea2d039136",
  "webHealth": {
    "ok": true,
    "ts": 1787857532737,
    "commit": "7592278d7e4190ea855cfc39de140299c1faa191",
    "version": "7592278d7e4190ea855cfc39de140299c1faa191",
    "builtAt": "2026-08-27T18:56:14Z",
    "schema": "ready"
  },
  "workerHealth": {
    "ok": true,
    "ts": 1787857537251,
    "commit": "7592278d7e4190ea855cfc39de140299c1faa191",
    "version": "7592278d7e4190ea855cfc39de140299c1faa191",
    "builtAt": "2026-08-27T18:56:14Z"
  },
  "durationMs": 3787
}
