# verify-db-integrity
# command: C:\Program Files\nodejs\node.exe node_modules/tsx/dist/cli.mjs scripts/verify-db-integrity.ts --json --expect-counts C:\Users\admin\Desktop\Sonny & AI\CRM-4-Telestar-Final\.dr-artifacts\counts-2026-08-23T19-45-22-091Z.json
# startedAt: 2026-08-23T19:45:46.041Z
# finishedAt: 2026-08-23T19:45:47.702Z
# exitCode: 0

--- stdout ---
{
  "startedAt": "2026-08-23T19:45:46.738Z",
  "finishedAt": "2026-08-23T19:45:47.679Z",
  "database": "telestar_dr_drill_20260823t194522",
  "status": "PASS",
  "checks": [
    {
      "key": "tables",
      "title": "Every datamodel model has a table",
      "status": "PASS",
      "detail": "68/68 declared tables present",
      "findings": []
    },
    {
      "key": "migrations",
      "title": "Migration ledger is complete and fully applied",
      "status": "PASS",
      "detail": "52/52 migrations applied successfully (1 superseded rolled-back attempt(s), which is normal)",
      "findings": []
    },
    {
      "key": "foreign-keys",
      "title": "No foreign key points at a missing row",
      "status": "PASS",
      "detail": "213 single-column foreign keys checked",
      "findings": []
    },
    {
      "key": "tenant-ownership",
      "title": "No tenant-owned row has a null tenantId",
      "status": "PASS",
      "detail": "66 tenant-owned tables checked",
      "findings": []
    },
    {
      "key": "rls",
      "title": "Row-level security configuration",
      "status": "PASS",
      "detail": "66/66 tenant-owned tables have RLS enabled",
      "findings": []
    },
    {
      "key": "counts",
      "title": "Representative record counts reconcile with the pre-backup snapshot",
      "status": "PASS",
      "detail": "13 models reconciled",
      "findings": []
    }
  ],
  "counts": {
    "Tenant": 46,
    "User": 132,
    "Client": 56,
    "Campaign": 53,
    "Account": 252,
    "Contact": 2298,
    "Lead": 2343,
    "Task": 76,
    "Activity": 2454,
    "Sequence": 11,
    "SequenceEnrollment": 10,
    "OutboundMessage": 7,
    "ImportBatch": 7
  }
}

--- stderr ---
(empty)
