# IMPORT_SYSTEM_QUEUE_BENCHMARK
# startedAt: 2026-08-25T11:14:33.488Z
# finishedAt: 2026-08-25T11:15:31.590Z
# redis: localhost:6379

## 120 rows
{
  "rows": 120,
  "chunks": 3,
  "totalDurationMs": 3032,
  "rowsPerSecond": 39.58,
  "queueWaitMs": {
    "p50": 6,
    "p95": 14,
    "p99": 14
  },
  "jobProcessingMs": {
    "p50": 2830,
    "p95": 2850,
    "p99": 2850
  },
  "enqueueStartedAt": "2026-08-25T11:14:40.910Z",
  "firstWorkerStartAt": "2026-08-25T11:14:40.982Z",
  "lastRowTerminalAt": "2026-08-25T11:14:43.931Z",
  "batchCommittedAt": "2026-08-25T11:14:43.942Z",
  "failedJobs": 0,
  "retries": 0,
  "lostRows": 0,
  "duplicateRows": 0,
  "stuckRows": 0,
  "workerConcurrency": 3,
  "createdLeads": 120,
  "createdAccounts": 20,
  "createdContacts": 120
}
## 500 rows
{
  "rows": 500,
  "chunks": 10,
  "totalDurationMs": 11850,
  "rowsPerSecond": 42.19,
  "queueWaitMs": {
    "p50": 3699,
    "p95": 9394,
    "p99": 9394
  },
  "jobProcessingMs": {
    "p50": 2979,
    "p95": 3748,
    "p99": 3748
  },
  "enqueueStartedAt": "2026-08-25T11:14:48.244Z",
  "firstWorkerStartAt": "2026-08-25T11:14:48.258Z",
  "lastRowTerminalAt": "2026-08-25T11:15:00.082Z",
  "batchCommittedAt": "2026-08-25T11:15:00.094Z",
  "failedJobs": 0,
  "retries": 0,
  "lostRows": 0,
  "duplicateRows": 0,
  "stuckRows": 0,
  "workerConcurrency": 3,
  "createdLeads": 500,
  "createdAccounts": 20,
  "createdContacts": 500
}
## 1000 rows
{
  "rows": 1000,
  "chunks": 20,
  "totalDurationMs": 22563,
  "rowsPerSecond": 44.32,
  "queueWaitMs": {
    "p50": 9904,
    "p95": 19746,
    "p99": 19746
  },
  "jobProcessingMs": {
    "p50": 3129,
    "p95": 4010,
    "p99": 4076
  },
  "enqueueStartedAt": "2026-08-25T11:15:09.005Z",
  "firstWorkerStartAt": "2026-08-25T11:15:09.015Z",
  "lastRowTerminalAt": "2026-08-25T11:15:31.283Z",
  "batchCommittedAt": "2026-08-25T11:15:31.568Z",
  "failedJobs": 0,
  "retries": 0,
  "lostRows": 0,
  "duplicateRows": 0,
  "stuckRows": 0,
  "workerConcurrency": 3,
  "createdLeads": 1000,
  "createdAccounts": 20,
  "createdContacts": 1000
}
