$ docker buildx imagetools inspect ghcr.io/sonnynguyen170321-ctrl/crm-4-telestar-final@sha256:0b0f49774e3b64d2d77c0a682a3b2fb52ed51762596669ef4e2f21a1ffa2a9eb
{
  "created": "2026-08-27T19:34:32.189949896Z",
  "architecture": "amd64",
  "os": "linux",
  "config": {
    "User": "node",
    "ExposedPorts": {
      "3000/tcp": {}
    },
    "Env": [
      "PATH=/usr/local/sbin:/usr/local/bin:/usr/sbin:/usr/bin:/sbin:/bin",
      "NODE_VERSION=24.18.0",
      "YARN_VERSION=1.22.22",
      "NODE_ENV=production",
      "PORT=3000",
      "HOSTNAME=0.0.0.0",
      "DATABASE_URL=postgresql://invalid",
      "DIRECT_URL=postgresql://invalid",
      "AUTH_SECRET=",
      "ENCRYPTION_KEY=REPLACE_AT_RUNTIME",
      "APP_COMMIT=396d3652c619c25f8f26005127e9b7291cdaeedf",
      "APP_VERSION=396d3652c619c25f8f26005127e9b7291cdaeedf",
      "APP_BUILT_AT=2026-08-27T19:32:32Z"
    ],
    "Entrypoint": [
      "docker-entrypoint.sh"
    ],
    "Cmd": [
      "npm",
      "run",
      "start"
    ],
    "WorkingDir": "/app",
    "Labels": {
      "org.opencontainers.image.created": "2026-08-27T19:32:32Z",
      "org.opencontainers.image.revision": "396d3652c619c25f8f26005127e9b7291cdaeedf",
      "org.opencontainers.image.source": "https://github.com/sonnynguyen170321-ctrl/CRM-4-Telestar-Final",
      "org.opencontainers.image.title": "CRM-4-Telestar-Final",
      "org.opencontainers.image.version": "396d3652c619c25f8f26005127e9b7291cdaeedf"
    },
    "ArgsEscaped": true
  },
  "rootfs": {
    "type": "layers",
    "diff_ids": [
      "sha256:81f823b9617547261c907396f63f770deaa554748ff739bedfa650e3bb74595a",
      "sha256:e8e8bcb08674cd0ecf9850d66bc246bb95fa086eb6c988ab48d0404501029ddc",
      "sha256:ec5d0255c8bf10ce4313e611ec0a35f9de699c6284e69e4c4fdcc5ea6e82adbf",
      "sha256:625ca884ca91515900d06a970e88957ac4d2e8963c4a0cc699e069ef7e3c7371",
      "sha256:7ad824b880674ec5cd6d6ef28d7d4783bcd5194ccf30ae225d5eeed0093ff31a",
      "sha256:6221e1bf4568231a812d0d2a62944352e8555381576c62198b4f3e44484e0196",
      "sha256:0f78cb55da7bf922f7bcdae007489f5e88094da4d90985d0879414a2370ae17d",
      "sha256:765df3976596c7626985e4614f686a947877e2672fd584eced4c57eb49602cc7",
      "sha256:cdd50a55eacab6f1e96502079b93990e75d624094d43b023aaa8fad88ebe4580",
      "sha256:006dfd51fbf530aad7d244cd03468dd759229a6cb5c23bcda280ba61b3edb0ce",
      "sha256:89cf553e6c4188bfa5b49205d438cc7ff7ae2bbaeed6b03c086545ebcef71730",
      "sha256:091758747164a49dee5e1362db40150a660e86648af6088d4a85793ef146ebe9",
      "sha256:1e0a93c352fb0fd7ddd5a49444973d789e9968f6db8b308f661e047d5e541f9d",
      "sha256:caa7a9320485fd0ca94196b91396084cfef7cf8e771a270564bb520c2b8209ea",
      "sha256:9eff599023a405eb2f384bd2d517d2097dad3a36a2dd6b36761a4e76f9b2ffe3",
      "sha256:50b2548decc28bbeb45ddc05f27704539f4a57d01112a3a7ed1e24ede4f1652b",
      "sha256:efb77f16f3ecbc5d0a1b1ac710a1830224f2aae0900373efbaa30dd0f06991a6",
      "sha256:7981357243ea11868cca7246ad4f068fbd4427d426d38a514fb5fac358666e1f",
      "sha256:c0c89646145c56e19b0b16c837042e2be6f4507900d9d26aa3690aba65c95889",
      "sha256:e05c135b4d62be0543f34af22196e7c32f3b06d7f4d92a97da7f2b180c1aa569"
    ]
  },
  "history": [
    {
      "created": "2026-07-13T00:00:00Z",
      "created_by": "# debian.sh --arch 'amd64' out/ 'bookworm' '@1783900800'",
      "comment": "debuerreotype 0.17"
    },
    {
      "created": "2026-07-14T01:47:34.173816324Z",
      "created_by": "RUN /bin/sh -c groupadd --gid 1000 node   \u0026\u0026 useradd --uid 1000 --gid node --shell /bin/bash --create-home node # buildkit",
      "comment": "buildkit.dockerfile.v0"
    },
    {
      "created": "2026-07-14T01:47:52.523051311Z",
      "created_by": "ENV NODE_VERSION=24.18.0",
      "comment": "buildkit.dockerfile.v0",
      "empty_layer": true
    },
    {
      "created": "2026-07-14T01:47:52.523051311Z",
      "created_by": "RUN /bin/sh -c ARCH= OPENSSL_ARCH= \u0026\u0026 dpkgArch=\"$(dpkg --print-architecture)\"     \u0026\u0026 case \"${dpkgArch##*-}\" in       amd64) ARCH='x64' OPENSSL_ARCH='linux-x86_64';;       ppc64el) ARCH='ppc64le' OPENSSL_ARCH='linux-ppc64le';;       s390x) ARCH='s390x' OPENSSL_ARCH='linux*-s390x';;       arm64) ARCH='arm64' OPENSSL_ARCH='linux-aarch64';;       armhf) ARCH='armv7l' OPENSSL_ARCH='linux-armv4';;       *) echo \"unsupported architecture\"; exit 1 ;;     esac     \u0026\u0026 set -ex     \u0026\u0026 apt-get update \u0026\u0026 apt-get install -y ca-certificates curl wget gnupg dirmngr xz-utils libatomic1 --no-install-recommends     \u0026\u0026 rm -rf /var/lib/apt/lists/*     \u0026\u0026 export GNUPGHOME=\"$(mktemp -d)\"     \u0026\u0026 for key in       5BE8A3F6C8A5C01D106C0AD820B1A390B168D356       DD792F5973C6DE52C432CBDAC77ABFA00DDBF2B7       CC68F5A3106FF448322E48ED27F5E38D5B0A215F       8FCCA13FEF1D0C2E91008E09770F7A9A5AE15600       890C08DB8579162FEE0DF9DB8BEAB4DFCF555EF4       C82FA3AE1CBEDC6BE46B9360C43CEC45C17AB93C       108F52B48DB57BB0CC439B2997B01419BD92F80A       A363A499291CBBC940DD62E41F10027AF002F8B0     ; do       { gpg --batch --keyserver hkps://keys.openpgp.org --recv-keys \"$key\" \u0026\u0026 gpg --batch --fingerprint \"$key\"; } ||       { gpg --batch --keyserver keyserver.ubuntu.com --recv-keys \"$key\" \u0026\u0026 gpg --batch --fingerprint \"$key\"; } ;     done     \u0026\u0026 curl -fsSLO --compressed \"https://nodejs.org/dist/v$NODE_VERSION/node-v$NODE_VERSION-linux-$ARCH.tar.xz\"     \u0026\u0026 curl -fsSLO --compressed \"https://nodejs.org/dist/v$NODE_VERSION/SHASUMS256.txt.asc\"     \u0026\u0026 gpg --batch --decrypt --output SHASUMS256.txt SHASUMS256.txt.asc     \u0026\u0026 gpgconf --kill all     \u0026\u0026 rm -rf \"$GNUPGHOME\"     \u0026\u0026 grep \" node-v$NODE_VERSION-linux-$ARCH.tar.xz\\$\" SHASUMS256.txt | sha256sum -c -     \u0026\u0026 tar -xJf \"node-v$NODE_VERSION-linux-$ARCH.tar.xz\" -C /usr/local --strip-components=1 --no-same-owner     \u0026\u0026 rm \"node-v$NODE_VERSION-linux-$ARCH.tar.xz\" SHASUMS256.txt.asc SHASUMS256.txt     \u0026\u0026 find /usr/local/include/node/openssl/archs -mindepth 1 -maxdepth 1 ! -name \"$OPENSSL_ARCH\" -exec rm -rf {} \\;     \u0026\u0026 apt-mark auto '.*' \u003e /dev/null     \u0026\u0026 find /usr/local -type f -executable -exec ldd '{}' ';'       | awk '/=\u003e/ { so = $(NF-1); if (index(so, \"/usr/local/\") == 1) { next }; gsub(\"^/(usr/)?\", \"\", so); print so }'       | sort -u       | xargs -r dpkg-query --search       | cut -d: -f1       | sort -u       | xargs -r apt-mark manual     \u0026\u0026 apt-get purge -y --auto-remove -o APT::AutoRemove::RecommendsImportant=false     \u0026\u0026 ln -s /usr/local/bin/node /usr/local/bin/nodejs     \u0026\u0026 node --version     \u0026\u0026 npm --version     \u0026\u0026 rm -rf /tmp/* # buildkit",
      "comment": "buildkit.dockerfile.v0"
    },
    {
      "created": "2026-07-14T01:47:52.523051311Z",
      "created_by": "ENV YARN_VERSION=1.22.22",
      "comment": "buildkit.dockerfile.v0",
      "empty_layer": true
    },
    {
      "created": "2026-07-14T01:48:03.892467434Z",
      "created_by": "RUN /bin/sh -c set -ex   \u0026\u0026 savedAptMark=\"$(apt-mark showmanual)\"   \u0026\u0026 apt-get update \u0026\u0026 apt-get install -y ca-certificates curl wget gnupg dirmngr --no-install-recommends   \u0026\u0026 rm -rf /var/lib/apt/lists/*   \u0026\u0026 export GNUPGHOME=\"$(mktemp -d)\"   \u0026\u0026 for key in     6A010C5166006599AA17F08146C2130DFD2497F5   ; do     { gpg --batch --keyserver hkps://keys.openpgp.org --recv-keys \"$key\" \u0026\u0026 gpg --batch --fingerprint \"$key\"; } ||     { gpg --batch --keyserver keyserver.ubuntu.com --recv-keys \"$key\" \u0026\u0026 gpg --batch --fingerprint \"$key\"; } ;   done   \u0026\u0026 curl -fsSLO --compressed \"https://yarnpkg.com/downloads/$YARN_VERSION/yarn-v$YARN_VERSION.tar.gz\"   \u0026\u0026 curl -fsSLO --compressed \"https://yarnpkg.com/downloads/$YARN_VERSION/yarn-v$YARN_VERSION.tar.gz.asc\"   \u0026\u0026 gpg --batch --verify yarn-v$YARN_VERSION.tar.gz.asc yarn-v$YARN_VERSION.tar.gz   \u0026\u0026 gpgconf --kill all   \u0026\u0026 rm -rf \"$GNUPGHOME\"   \u0026\u0026 mkdir -p /opt   \u0026\u0026 tar -xzf yarn-v$YARN_VERSION.tar.gz -C /opt/   \u0026\u0026 ln -s /opt/yarn-v$YARN_VERSION/bin/yarn /usr/local/bin/yarn   \u0026\u0026 ln -s /opt/yarn-v$YARN_VERSION/bin/yarnpkg /usr/local/bin/yarnpkg   \u0026\u0026 rm yarn-v$YARN_VERSION.tar.gz.asc yarn-v$YARN_VERSION.tar.gz   \u0026\u0026 apt-mark auto '.*' \u003e /dev/null   \u0026\u0026 { [ -z \"$savedAptMark\" ] || apt-mark manual $savedAptMark \u003e /dev/null; }   \u0026\u0026 find /usr/local -type f -executable -exec ldd '{}' ';'     | awk '/=\u003e/ { so = $(NF-1); if (index(so, \"/usr/local/\") == 1) { next }; gsub(\"^/(usr/)?\", \"\", so); print so }'     | sort -u     | xargs -r dpkg-query --search     | cut -d: -f1     | sort -u     | xargs -r apt-mark manual   \u0026\u0026 apt-get purge -y --auto-remove -o APT::AutoRemove::RecommendsImportant=false   \u0026\u0026 yarn --version   \u0026\u0026 rm -rf /tmp/* # buildkit",
      "comment": "buildkit.dockerfile.v0"
    },
    {
      "created": "2026-07-14T01:48:03.920026999Z",
      "created_by": "COPY docker-entrypoint.sh /usr/local/bin/ # buildkit",
      "comment": "buildkit.dockerfile.v0"
    },
    {
      "created": "2026-07-14T01:48:03.920026999Z",
      "created_by": "ENTRYPOINT [\"docker-entrypoint.sh\"]",
      "comment": "buildkit.dockerfile.v0",
      "empty_layer": true
    },
    {
      "created": "2026-07-14T01:48:03.920026999Z",
      "created_by": "CMD [\"node\"]",
      "comment": "buildkit.dockerfile.v0",
      "empty_layer": true
    },
    {
      "created": "2026-08-27T19:32:40.910887974Z",
      "created_by": "ARG APP_COMMIT=396d3652c619c25f8f26005127e9b7291cdaeedf",
      "comment": "buildkit.dockerfile.v0",
      "empty_layer": true
    },
    {
      "created": "2026-08-27T19:32:40.910887974Z",
      "created_by": "ARG APP_VERSION=396d3652c619c25f8f26005127e9b7291cdaeedf",
      "comment": "buildkit.dockerfile.v0",
      "empty_layer": true
    },
    {
      "created": "2026-08-27T19:32:40.910887974Z",
      "created_by": "ARG APP_BUILT_AT=2026-08-27T19:32:32Z",
      "comment": "buildkit.dockerfile.v0",
      "empty_layer": true
    },
    {
      "created": "2026-08-27T19:32:40.910887974Z",
      "created_by": "WORKDIR /app",
      "comment": "buildkit.dockerfile.v0"
    },
    {
      "created": "2026-08-27T19:32:40.910887974Z",
      "created_by": "ENV NODE_ENV=production PORT=3000 HOSTNAME=0.0.0.0 DATABASE_URL=postgresql://invalid DIRECT_URL=postgresql://invalid AUTH_SECRET= ENCRYPTION_KEY=REPLACE_AT_RUNTIME APP_COMMIT=396d3652c619c25f8f26005127e9b7291cdaeedf APP_VERSION=396d3652c619c25f8f26005127e9b7291cdaeedf APP_BUILT_AT=2026-08-27T19:32:32Z",
      "comment": "buildkit.dockerfile.v0",
      "empty_layer": true
    },
    {
      "created": "2026-08-27T19:32:40.910887974Z",
      "created_by": "LABEL org.opencontainers.image.revision=396d3652c619c25f8f26005127e9b7291cdaeedf org.opencontainers.image.version=396d3652c619c25f8f26005127e9b7291cdaeedf org.opencontainers.image.created=2026-08-27T19:32:32Z org.opencontainers.image.source=https://github.com/sonnynguyen170321-ctrl/crm-4-telestar-final",
      "comment": "buildkit.dockerfile.v0",
      "empty_layer": true
    },
    {
      "created": "2026-08-27T19:32:45.368825602Z",
      "created_by": "RUN |3 APP_COMMIT=396d3652c619c25f8f26005127e9b7291cdaeedf APP_VERSION=396d3652c619c25f8f26005127e9b7291cdaeedf APP_BUILT_AT=2026-08-27T19:32:32Z /bin/sh -c apt-get update   \u0026\u0026 apt-get install -y --no-install-recommends ca-certificates openssl   \u0026\u0026 rm -rf /var/lib/apt/lists/* # buildkit",
      "comment": "buildkit.dockerfile.v0"
    },
    {
      "created": "2026-08-27T19:32:45.3905117Z",
      "created_by": "COPY --chown=node:node package.json package-lock.json ./ # buildkit",
      "comment": "buildkit.dockerfile.v0"
    },
    {
      "created": "2026-08-27T19:32:45.414523092Z",
      "created_by": "COPY --chown=node:node prisma ./prisma # buildkit",
      "comment": "buildkit.dockerfile.v0"
    },
    {
      "created": "2026-08-27T19:33:12.080573795Z",
      "created_by": "RUN |3 APP_COMMIT=396d3652c619c25f8f26005127e9b7291cdaeedf APP_VERSION=396d3652c619c25f8f26005127e9b7291cdaeedf APP_BUILT_AT=2026-08-27T19:32:32Z /bin/sh -c npm ci --omit=dev   \u0026\u0026 npx prisma generate   \u0026\u0026 npm cache clean --force # buildkit",
      "comment": "buildkit.dockerfile.v0"
    },
    {
      "created": "2026-08-27T19:34:31.925982179Z",
      "created_by": "COPY --chown=node:node /app/.next ./.next # buildkit",
      "comment": "buildkit.dockerfile.v0"
    },
    {
      "created": "2026-08-27T19:34:31.9735202Z",
      "created_by": "COPY --chown=node:node public ./public # buildkit",
      "comment": "buildkit.dockerfile.v0"
    },
    {
      "created": "2026-08-27T19:34:32.03260139Z",
      "created_by": "COPY --chown=node:node app ./app # buildkit",
      "comment": "buildkit.dockerfile.v0"
    },
    {
      "created": "2026-08-27T19:34:32.061581628Z",
      "created_by": "COPY --chown=node:node components ./components # buildkit",
      "comment": "buildkit.dockerfile.v0"
    },
    {
      "created": "2026-08-27T19:34:32.073908026Z",
      "created_by": "COPY --chown=node:node context ./context # buildkit",
      "comment": "buildkit.dockerfile.v0"
    },
    {
      "created": "2026-08-27T19:34:32.084076427Z",
      "created_by": "COPY --chown=node:node hooks ./hooks # buildkit",
      "comment": "buildkit.dockerfile.v0"
    },
    {
      "created": "2026-08-27T19:34:32.127572613Z",
      "created_by": "COPY --chown=node:node lib ./lib # buildkit",
      "comment": "buildkit.dockerfile.v0"
    },
    {
      "created": "2026-08-27T19:34:32.1406951Z",
      "created_by": "COPY --chown=node:node workers ./workers # buildkit",
      "comment": "buildkit.dockerfile.v0"
    },
    {
      "created": "2026-08-27T19:34:32.168003521Z",
      "created_by": "COPY --chown=node:node scripts ./scripts # buildkit",
      "comment": "buildkit.dockerfile.v0"
    },
    {
      "created": "2026-08-27T19:34:32.189949896Z",
      "created_by": "COPY --chown=node:node auth.config.ts auth.ts instrumentation.ts next.config.ts proxy.ts tsconfig.json ./ # buildkit",
      "comment": "buildkit.dockerfile.v0"
    },
    {
      "created": "2026-08-27T19:34:32.189949896Z",
      "created_by": "USER node",
      "comment": "buildkit.dockerfile.v0",
      "empty_layer": true
    },
    {
      "created": "2026-08-27T19:34:32.189949896Z",
      "created_by": "EXPOSE [3000/tcp]",
      "comment": "buildkit.dockerfile.v0",
      "empty_layer": true
    },
    {
      "created": "2026-08-27T19:34:32.189949896Z",
      "created_by": "CMD [\"npm\" \"run\" \"start\"]",
      "comment": "buildkit.dockerfile.v0",
      "empty_layer": true
    }
  ]
}
