$ node scripts/verify-rls-enablement.mjs
Rehearsing the RLS enablement sequence in throwaway database crm_rls_enable_6c2255c3
Admin host: localhost:5432

  [32mPASS[0m  the datamodel applies as crm_migrator
        DDL only, no superuser
  [32mPASS[0m  supabase/roles.sql applies cleanly
        crm_migrator_e33a55, crm_app_e33a55, crm_maintenance_e33a55 created and granted
  [32mPASS[0m  all three roles exist and none is privileged
        RLS can actually apply to them
  [32mPASS[0m  supabase/rls.sql applies cleanly
        policies derived from the catalog
  [32mPASS[0m  crm_maintenance writes across tenants
        the seed, worker and script path
  [32mPASS[0m  crm_app cannot bypass, even setting the GUC itself
        no rows — the flag is inert for this role
  [32mPASS[0m  crm_app reads its own tenant
        1 row, lead-a
  [32mPASS[0m  crm_app cannot read another tenant by direct id
        no rows, as the policy requires
  [32mPASS[0m  crm_app is refused DDL
        CREATE TABLE rejected
  [32mPASS[0m  a table a later migration creates is readable by crm_app
        ALTER DEFAULT PRIVILEGES carries the grant forward

Cleaned up crm_rls_enable_6c2255c3 and crm_migrator_e33a55, crm_app_e33a55, crm_maintenance_e33a55.

The documented enablement sequence produces a working, isolated system.

[exit 0]
