# gate: 07-database-integrity — scripts/verify-db-integrity.ts against the certification database
# command: C:\Program Files\nodejs\node.exe node_modules/tsx/dist/cli.mjs scripts/verify-db-integrity.ts
# startedAt: 2026-08-22T07:45:11.253Z
# finishedAt: 2026-08-22T07:45:20.419Z
# exitCode: 0

--- stdout ---
database integrity verification — telestar_crm
========================================================================
[PASS   ] Every datamodel model has a table
          67/67 declared tables present
[PASS   ] Migration ledger is complete and fully applied
          50/50 migrations applied successfully (1 superseded rolled-back attempt(s), which is normal)
[PASS   ] No foreign key points at a missing row
          212 single-column foreign keys checked
[PASS   ] No tenant-owned row has a null tenantId
          65 tenant-owned tables checked
[SKIPPED] Row-level security configuration
          0/65 tenant-owned tables have RLS enabled - pass --require-rls to fail on this (RLS is applied from supabase/rls.sql, not by migrations)
[SKIPPED] Representative record counts
          no --expect-counts snapshot supplied; counts recorded but not reconciled
------------------------------------------------------------------------
representative counts:
  Tenant               57945
  User                 57101
  Client               38884
  Campaign             56595
  Account              44854
  Contact              35300
  Lead                 333304
  Task                 15796
  Activity             35013
  Sequence             37481
  SequenceEnrollment   22051
  OutboundMessage      155
  ImportBatch          7
========================================================================
RESULT: PASS

--- stderr ---
(empty)
