# six-role real browser acceptance
# exitCode: 0

--- stdout ---

Running 15 tests using 1 worker

  ok  1 [setup] › e2e\support\auth.setup.ts:45:8 › authenticate director (2.2s)
  ok  2 [setup] › e2e\support\auth.setup.ts:45:8 › authenticate floorManager (2.4s)
  ok  3 [setup] › e2e\support\auth.setup.ts:45:8 › authenticate teamLead (2.1s)
  ok  4 [setup] › e2e\support\auth.setup.ts:45:8 › authenticate sdrA (1.6s)
  ok  5 [setup] › e2e\support\auth.setup.ts:45:8 › authenticate sdrB (1.2s)
  ok  6 [setup] › e2e\support\auth.setup.ts:45:8 › authenticate leadgenManager (3.2s)
  ok  7 [setup] › e2e\support\auth.setup.ts:45:8 › authenticate leadgen (1.5s)
  ok  8 [setup] › e2e\support\auth.setup.ts:45:8 › authenticate directorB (1.4s)
  ok  9 [setup] › e2e\support\auth.setup.ts:45:8 › authenticate sdrTenantB (1.3s)
  ok 10 [certification-roles] › e2e\certification\six-role-acceptance.spec.ts:128:11 › six-role browser acceptance › director › director can operate the product and is stopped where it must be (30.1s)
  ok 11 [certification-roles] › e2e\certification\six-role-acceptance.spec.ts:128:11 › six-role browser acceptance › floor_manager › floor_manager can operate the product and is stopped where it must be (21.4s)
  ok 12 [certification-roles] › e2e\certification\six-role-acceptance.spec.ts:128:11 › six-role browser acceptance › team_lead › team_lead can operate the product and is stopped where it must be (19.2s)
  ok 13 [certification-roles] › e2e\certification\six-role-acceptance.spec.ts:128:11 › six-role browser acceptance › sdr › sdr can operate the product and is stopped where it must be (4.5s)
  ok 14 [certification-roles] › e2e\certification\six-role-acceptance.spec.ts:128:11 › six-role browser acceptance › leadgen_manager › leadgen_manager can operate the product and is stopped where it must be (25.0s)
  ok 15 [certification-roles] › e2e\certification\six-role-acceptance.spec.ts:128:11 › six-role browser acceptance › leadgen › leadgen can operate the product and is stopped where it must be (13.7s)

  15 passed (2.5m)

--- stderr ---
(empty)
