# gate: 07-database-integrity — scripts/verify-db-integrity.ts against the certification database
# command: C:\Program Files\nodejs\node.exe node_modules/tsx/dist/cli.mjs scripts/verify-db-integrity.ts
# startedAt: 2026-08-25T09:17:58.728Z
# finishedAt: 2026-08-25T09:18:34.604Z
# exitCode: 0

--- stdout ---
database integrity verification — telestar_crm
========================================================================
[PASS   ] Every datamodel model has a table
          68/68 declared tables present
[PASS   ] Migration ledger is complete and fully applied
          52/52 migrations applied successfully (2 superseded rolled-back attempt(s), which is normal)
[PASS   ] No foreign key points at a missing row
          213 single-column foreign keys checked
[PASS   ] No tenant-owned row has a null tenantId
          66 tenant-owned tables checked
[SKIPPED] Row-level security configuration
          0/66 tenant-owned tables have RLS enabled - pass --require-rls to fail on this (RLS is applied from supabase/rls.sql, not by migrations)
[SKIPPED] Representative record counts
          no --expect-counts snapshot supplied; counts recorded but not reconciled
------------------------------------------------------------------------
representative counts:
  Tenant               6503
  User                 104
  Client               4504
  Campaign             6329
  Account              4624
  Contact              5131
  Lead                 38808
  Task                 3
  Activity             1925
  Sequence             4530
  SequenceEnrollment   2764
  OutboundMessage      20
  ImportBatch          7
========================================================================
RESULT: PASS

--- stderr ---
(empty)
