# cross-role golden journey in a real browser
# exitCode: 0

--- stdout ---

Running 15 tests using 1 worker

  ok  1 [setup] › e2e\support\auth.setup.ts:45:8 › authenticate director (653ms)
  ok  2 [setup] › e2e\support\auth.setup.ts:45:8 › authenticate floorManager (560ms)
  ok  3 [setup] › e2e\support\auth.setup.ts:45:8 › authenticate teamLead (518ms)
  ok  4 [setup] › e2e\support\auth.setup.ts:45:8 › authenticate sdrA (505ms)
  ok  5 [setup] › e2e\support\auth.setup.ts:45:8 › authenticate sdrB (508ms)
  ok  6 [setup] › e2e\support\auth.setup.ts:45:8 › authenticate leadgenManager (507ms)
  ok  7 [setup] › e2e\support\auth.setup.ts:45:8 › authenticate leadgen (519ms)
  ok  8 [setup] › e2e\support\auth.setup.ts:45:8 › authenticate directorB (527ms)
  ok  9 [setup] › e2e\support\auth.setup.ts:45:8 › authenticate sdrTenantB (519ms)
  ok 10 [certification-journey] › e2e\certification\golden-journey.spec.ts:55:9 › cross-role golden journey › 1. leadgen sources the prospect › leadgen submits a prospect and its own page renders (1.4s)
  ok 11 [certification-journey] › e2e\certification\golden-journey.spec.ts:86:9 › cross-role golden journey › 2. leadgen manager reviews and qualifies › the manager sees the submission and qualifies it (1.1s)
  ok 12 [certification-journey] › e2e\certification\golden-journey.spec.ts:119:9 › cross-role golden journey › 3. allocation into the CRM › the qualified prospect is allocated to an SDR as a CRM lead (655ms)
  ok 13 [certification-journey] › e2e\certification\golden-journey.spec.ts:145:9 › cross-role golden journey › 4-5. the SDR owns and works it › the SDR sees the prospect on their own page and logs outreach (1.1s)
  ok 14 [certification-journey] › e2e\certification\golden-journey.spec.ts:186:9 › cross-role golden journey › 6. the pod lead sees it › the team lead sees the outreach on the prospect timeline (869ms)
  ok 15 [certification-journey] › e2e\certification\golden-journey.spec.ts:214:9 › cross-role golden journey › 7. management sees the progress › floor manager and director both see the reflected activity (997ms)

  15 passed (14.8s)

--- stderr ---
(empty)
