# gate: 07-database-integrity — scripts/verify-db-integrity.ts against the certification database
# command: C:\Program Files\nodejs\node.exe node_modules/tsx/dist/cli.mjs scripts/verify-db-integrity.ts
# startedAt: 2026-08-27T20:12:09.629Z
# finishedAt: 2026-08-27T20:12:12.798Z
# exitCode: 0

--- stdout ---
database integrity verification — telestar_crm
========================================================================
[PASS   ] Every datamodel model has a table
          68/68 declared tables present
[PASS   ] Migration ledger is complete and fully applied
          54/54 migrations applied successfully
[PASS   ] No foreign key points at a missing row
          66 single-column foreign keys checked
[PASS   ] No tenant-owned row has a null tenantId
          67 tenant-owned tables checked
[SKIPPED] Row-level security configuration
          0/67 tenant-owned tables have RLS enabled - pass --require-rls to fail on this (RLS is applied from supabase/rls.sql, not by migrations)
[SKIPPED] Representative record counts
          no --expect-counts snapshot supplied; counts recorded but not reconciled
------------------------------------------------------------------------
representative counts:
  Tenant               45
  User                 62
  Client               46
  Campaign             47
  Account              86
  Contact              2126
  Lead                 2167
  Task                 3
  Activity             2128
  Sequence             10
  SequenceEnrollment   9
  OutboundMessage      1
  ImportBatch          7
========================================================================
RESULT: PASS

--- stderr ---
(empty)
