# IMPORT_SYSTEM_QUEUE_BENCHMARK over real Redis and BullMQ
# exitCode: 0

--- stdout ---
redis   : 127.0.0.1:6379
scales  : 120, 500, 1000

[120 rows] enqueuing real BullMQ jobs
[bullmq] Redis connected
           17.32s, 6.93 rows/s, queue wait p95 10082ms, lost 0, dup 0
[500 rows] enqueuing real BullMQ jobs
           8.33s, 60.05 rows/s, queue wait p95 6074ms, lost 0, dup 0
[1000 rows] enqueuing real BullMQ jobs
           69.61s, 14.37 rows/s, queue wait p95 52648ms, lost 0, dup 0

RESULT: PASS

--- stderr ---
[worker] Failed to resolve tenant for job cmt95r02i00dnvwm47gj10kb0: PrismaClientKnownRequestError: Transaction API error: Unable to start a transaction in the given time.
    at _r.transaction (C:\Users\admin\Desktop\Sonny & AI\CRM-4-Telestar-Final\node_modules\@prisma\client\runtime\library.js:111:12086)
    at async Proxy._transactionWithCallback (C:\Users\admin\Desktop\Sonny & AI\CRM-4-Telestar-Final\node_modules\@prisma\client\runtime\library.js:130:7908)
    at async Worker.processFn (C:\Users\admin\Desktop\Sonny & AI\CRM-4-Telestar-Final\lib\bullmq\workerUtils.ts:29:30)
    at async C:\Users\admin\Desktop\Sonny & AI\CRM-4-Telestar-Final\node_modules\bullmq\dist\cjs\classes\worker.js:566:32 {
  code: 'P2028',
  clientVersion: '6.2.1',
  meta: { error: 'Unable to start a transaction in the given time.' }
}
[worker] Failed to resolve tenant for job cmt95r02y00dpvwm43ex5lwvq: PrismaClientKnownRequestError: Transaction API error: Unable to start a transaction in the given time.
    at _r.transaction (C:\Users\admin\Desktop\Sonny & AI\CRM-4-Telestar-Final\node_modules\@prisma\client\runtime\library.js:111:12086)
    at async Proxy._transactionWithCallback (C:\Users\admin\Desktop\Sonny & AI\CRM-4-Telestar-Final\node_modules\@prisma\client\runtime\library.js:130:7908)
    at async Worker.processFn (C:\Users\admin\Desktop\Sonny & AI\CRM-4-Telestar-Final\lib\bullmq\workerUtils.ts:29:30)
    at async C:\Users\admin\Desktop\Sonny & AI\CRM-4-Telestar-Final\node_modules\bullmq\dist\cjs\classes\worker.js:566:32 {
  code: 'P2028',
  clientVersion: '6.2.1',
  meta: { error: 'Unable to start a transaction in the given time.' }
}
[worker] Failed to resolve tenant for job cmt95r03a00drvwm441drlgcf: PrismaClientKnownRequestError: Transaction API error: Unable to start a transaction in the given time.
    at _r.transaction (C:\Users\admin\Desktop\Sonny & AI\CRM-4-Telestar-Final\node_modules\@prisma\client\runtime\library.js:111:12086)
    at async Proxy._transactionWithCallback (C:\Users\admin\Desktop\Sonny & AI\CRM-4-Telestar-Final\node_modules\@prisma\client\runtime\library.js:130:7908)
    at async Worker.processFn (C:\Users\admin\Desktop\Sonny & AI\CRM-4-Telestar-Final\lib\bullmq\workerUtils.ts:29:30)
    at async C:\Users\admin\Desktop\Sonny & AI\CRM-4-Telestar-Final\node_modules\bullmq\dist\cjs\classes\worker.js:566:32 {
  code: 'P2028',
  clientVersion: '6.2.1',
  meta: { error: 'Unable to start a transaction in the given time.' }
}
[worker] Failed to resolve tenant for job cmt95r02y00dpvwm43ex5lwvq: PrismaClientKnownRequestError: Transaction API error: Unable to start a transaction in the given time.
    at _r.transaction (C:\Users\admin\Desktop\Sonny & AI\CRM-4-Telestar-Final\node_modules\@prisma\client\runtime\library.js:111:12086)
    at async Proxy._transactionWithCallback (C:\Users\admin\Desktop\Sonny & AI\CRM-4-Telestar-Final\node_modules\@prisma\client\runtime\library.js:130:7908)
    at async Worker.processFn (C:\Users\admin\Desktop\Sonny & AI\CRM-4-Telestar-Final\lib\bullmq\workerUtils.ts:29:30)
    at async C:\Users\admin\Desktop\Sonny & AI\CRM-4-Telestar-Final\node_modules\bullmq\dist\cjs\classes\worker.js:566:32 {
  code: 'P2028',
  clientVersion: '6.2.1',
  meta: { error: 'Unable to start a transaction in the given time.' }
}
[worker] Failed to resolve tenant for job cmt95r03a00drvwm441drlgcf: PrismaClientKnownRequestError: Transaction API error: Unable to start a transaction in the given time.
    at _r.transaction (C:\Users\admin\Desktop\Sonny & AI\CRM-4-Telestar-Final\node_modules\@prisma\client\runtime\library.js:111:12086)
    at async Proxy._transactionWithCallback (C:\Users\admin\Desktop\Sonny & AI\CRM-4-Telestar-Final\node_modules\@prisma\client\runtime\library.js:130:7908)
    at async Worker.processFn (C:\Users\admin\Desktop\Sonny & AI\CRM-4-Telestar-Final\lib\bullmq\workerUtils.ts:29:30)
    at async C:\Users\admin\Desktop\Sonny & AI\CRM-4-Telestar-Final\node_modules\bullmq\dist\cjs\classes\worker.js:566:32 {
  code: 'P2028',
  clientVersion: '6.2.1',
  meta: { error: 'Unable to start a transaction in the given time.' }
}
Error: Command timed out
    at Timeout.<anonymous> (C:\Users\admin\Desktop\Sonny & AI\CRM-4-Telestar-Final\node_modules\ioredis\built\Command.js:207:33)
    at listOnTimeout (node:internal/timers:605:17)
    at process.processTimers (node:internal/timers:541:7)

