# six-role real browser acceptance
# exitCode: 0

--- stdout ---

Running 15 tests using 1 worker

  ok  1 [setup] › e2e\support\auth.setup.ts:45:8 › authenticate director (3.0s)
  ok  2 [setup] › e2e\support\auth.setup.ts:45:8 › authenticate floorManager (554ms)
  ok  3 [setup] › e2e\support\auth.setup.ts:45:8 › authenticate teamLead (550ms)
  ok  4 [setup] › e2e\support\auth.setup.ts:45:8 › authenticate sdrA (514ms)
  ok  5 [setup] › e2e\support\auth.setup.ts:45:8 › authenticate sdrB (565ms)
  ok  6 [setup] › e2e\support\auth.setup.ts:45:8 › authenticate leadgenManager (511ms)
  ok  7 [setup] › e2e\support\auth.setup.ts:45:8 › authenticate leadgen (512ms)
  ok  8 [setup] › e2e\support\auth.setup.ts:45:8 › authenticate directorB (568ms)
  ok  9 [setup] › e2e\support\auth.setup.ts:45:8 › authenticate sdrTenantB (522ms)
  ok 10 [certification-roles] › e2e\certification\six-role-acceptance.spec.ts:128:11 › six-role browser acceptance › director › director can operate the product and is stopped where it must be (4.3s)
  ok 11 [certification-roles] › e2e\certification\six-role-acceptance.spec.ts:128:11 › six-role browser acceptance › floor_manager › floor_manager can operate the product and is stopped where it must be (2.8s)
  ok 12 [certification-roles] › e2e\certification\six-role-acceptance.spec.ts:128:11 › six-role browser acceptance › team_lead › team_lead can operate the product and is stopped where it must be (2.5s)
  ok 13 [certification-roles] › e2e\certification\six-role-acceptance.spec.ts:128:11 › six-role browser acceptance › sdr › sdr can operate the product and is stopped where it must be (2.0s)
  ok 14 [certification-roles] › e2e\certification\six-role-acceptance.spec.ts:128:11 › six-role browser acceptance › leadgen_manager › leadgen_manager can operate the product and is stopped where it must be (2.4s)
  ok 15 [certification-roles] › e2e\certification\six-role-acceptance.spec.ts:128:11 › six-role browser acceptance › leadgen › leadgen can operate the product and is stopped where it must be (1.7s)

  15 passed (26.1s)

--- stderr ---
(empty)
